Archive member included to satisfy reference by file (symbol)

C:/ST/STM32CubeIDE_2.1.1/STM32CubeIDE/plugins/com.st.stm32cube.ide.mcu.externaltools.gnu-tools-for-stm32.14.3.rel1.win32_1.0.100.202602081740/tools/bin/../lib/gcc/arm-none-eabi/14.3.1/../../../../arm-none-eabi/lib/thumb/v6-m/nofp\libc_nano.a(libc_a-exit.o)
                              C:/ST/STM32CubeIDE_2.1.1/STM32CubeIDE/plugins/com.st.stm32cube.ide.mcu.externaltools.gnu-tools-for-stm32.14.3.rel1.win32_1.0.100.202602081740/tools/bin/../lib/gcc/arm-none-eabi/14.3.1/../../../../arm-none-eabi/lib/thumb/v6-m/nofp/crt0.o (exit)
C:/ST/STM32CubeIDE_2.1.1/STM32CubeIDE/plugins/com.st.stm32cube.ide.mcu.externaltools.gnu-tools-for-stm32.14.3.rel1.win32_1.0.100.202602081740/tools/bin/../lib/gcc/arm-none-eabi/14.3.1/../../../../arm-none-eabi/lib/thumb/v6-m/nofp\libc_nano.a(libc_a-findfp.o)
                              C:/ST/STM32CubeIDE_2.1.1/STM32CubeIDE/plugins/com.st.stm32cube.ide.mcu.externaltools.gnu-tools-for-stm32.14.3.rel1.win32_1.0.100.202602081740/tools/bin/../lib/gcc/arm-none-eabi/14.3.1/../../../../arm-none-eabi/lib/thumb/v6-m/nofp\libc_nano.a(libc_a-exit.o) (__stdio_exit_handler)
C:/ST/STM32CubeIDE_2.1.1/STM32CubeIDE/plugins/com.st.stm32cube.ide.mcu.externaltools.gnu-tools-for-stm32.14.3.rel1.win32_1.0.100.202602081740/tools/bin/../lib/gcc/arm-none-eabi/14.3.1/../../../../arm-none-eabi/lib/thumb/v6-m/nofp\libc_nano.a(libc_a-fwalk.o)
                              C:/ST/STM32CubeIDE_2.1.1/STM32CubeIDE/plugins/com.st.stm32cube.ide.mcu.externaltools.gnu-tools-for-stm32.14.3.rel1.win32_1.0.100.202602081740/tools/bin/../lib/gcc/arm-none-eabi/14.3.1/../../../../arm-none-eabi/lib/thumb/v6-m/nofp\libc_nano.a(libc_a-findfp.o) (_fwalk_sglue)
C:/ST/STM32CubeIDE_2.1.1/STM32CubeIDE/plugins/com.st.stm32cube.ide.mcu.externaltools.gnu-tools-for-stm32.14.3.rel1.win32_1.0.100.202602081740/tools/bin/../lib/gcc/arm-none-eabi/14.3.1/../../../../arm-none-eabi/lib/thumb/v6-m/nofp\libc_nano.a(libc_a-printf.o)
                              ./Application/User/main.o (printf)
C:/ST/STM32CubeIDE_2.1.1/STM32CubeIDE/plugins/com.st.stm32cube.ide.mcu.externaltools.gnu-tools-for-stm32.14.3.rel1.win32_1.0.100.202602081740/tools/bin/../lib/gcc/arm-none-eabi/14.3.1/../../../../arm-none-eabi/lib/thumb/v6-m/nofp\libc_nano.a(libc_a-puts.o)
                              ./Application/User/main.o (puts)
C:/ST/STM32CubeIDE_2.1.1/STM32CubeIDE/plugins/com.st.stm32cube.ide.mcu.externaltools.gnu-tools-for-stm32.14.3.rel1.win32_1.0.100.202602081740/tools/bin/../lib/gcc/arm-none-eabi/14.3.1/../../../../arm-none-eabi/lib/thumb/v6-m/nofp\libc_nano.a(libc_a-stdio.o)
                              C:/ST/STM32CubeIDE_2.1.1/STM32CubeIDE/plugins/com.st.stm32cube.ide.mcu.externaltools.gnu-tools-for-stm32.14.3.rel1.win32_1.0.100.202602081740/tools/bin/../lib/gcc/arm-none-eabi/14.3.1/../../../../arm-none-eabi/lib/thumb/v6-m/nofp\libc_nano.a(libc_a-findfp.o) (__sread)
C:/ST/STM32CubeIDE_2.1.1/STM32CubeIDE/plugins/com.st.stm32cube.ide.mcu.externaltools.gnu-tools-for-stm32.14.3.rel1.win32_1.0.100.202602081740/tools/bin/../lib/gcc/arm-none-eabi/14.3.1/../../../../arm-none-eabi/lib/thumb/v6-m/nofp\libc_nano.a(libc_a-wbuf.o)
                              C:/ST/STM32CubeIDE_2.1.1/STM32CubeIDE/plugins/com.st.stm32cube.ide.mcu.externaltools.gnu-tools-for-stm32.14.3.rel1.win32_1.0.100.202602081740/tools/bin/../lib/gcc/arm-none-eabi/14.3.1/../../../../arm-none-eabi/lib/thumb/v6-m/nofp\libc_nano.a(libc_a-puts.o) (__swbuf_r)
C:/ST/STM32CubeIDE_2.1.1/STM32CubeIDE/plugins/com.st.stm32cube.ide.mcu.externaltools.gnu-tools-for-stm32.14.3.rel1.win32_1.0.100.202602081740/tools/bin/../lib/gcc/arm-none-eabi/14.3.1/../../../../arm-none-eabi/lib/thumb/v6-m/nofp\libc_nano.a(libc_a-wsetup.o)
                              C:/ST/STM32CubeIDE_2.1.1/STM32CubeIDE/plugins/com.st.stm32cube.ide.mcu.externaltools.gnu-tools-for-stm32.14.3.rel1.win32_1.0.100.202602081740/tools/bin/../lib/gcc/arm-none-eabi/14.3.1/../../../../arm-none-eabi/lib/thumb/v6-m/nofp\libc_nano.a(libc_a-puts.o) (__swsetup_r)
C:/ST/STM32CubeIDE_2.1.1/STM32CubeIDE/plugins/com.st.stm32cube.ide.mcu.externaltools.gnu-tools-for-stm32.14.3.rel1.win32_1.0.100.202602081740/tools/bin/../lib/gcc/arm-none-eabi/14.3.1/../../../../arm-none-eabi/lib/thumb/v6-m/nofp\libc_nano.a(libc_a-memset.o)
                              C:/ST/STM32CubeIDE_2.1.1/STM32CubeIDE/plugins/com.st.stm32cube.ide.mcu.externaltools.gnu-tools-for-stm32.14.3.rel1.win32_1.0.100.202602081740/tools/bin/../lib/gcc/arm-none-eabi/14.3.1/../../../../arm-none-eabi/lib/thumb/v6-m/nofp/crt0.o (memset)
C:/ST/STM32CubeIDE_2.1.1/STM32CubeIDE/plugins/com.st.stm32cube.ide.mcu.externaltools.gnu-tools-for-stm32.14.3.rel1.win32_1.0.100.202602081740/tools/bin/../lib/gcc/arm-none-eabi/14.3.1/../../../../arm-none-eabi/lib/thumb/v6-m/nofp\libc_nano.a(libc_a-closer.o)
[...]
Memory Configuration

Name             Origin             Length             Attributes
RAM              0x20000000         0x00007800         xrw
FLASH            0x08000000         0x00040000         xr
*default*        0x00000000         0xffffffff

Linker script and memory map

LOAD C:/ST/STM32CubeIDE_2.1.1/STM32CubeIDE/plugins/com.st.stm32cube.ide.mcu.externaltools.gnu-tools-for-stm32.14.3.rel1.win32_1.0.100.202602081740/tools/bin/../lib/gcc/arm-none-eabi/14.3.1/thumb/v6-m/nofp/crti.o
LOAD C:/ST/STM32CubeIDE_2.1.1/STM32CubeIDE/plugins/com.st.stm32cube.ide.mcu.externaltools.gnu-tools-for-stm32.14.3.rel1.win32_1.0.100.202602081740/tools/bin/../lib/gcc/arm-none-eabi/14.3.1/thumb/v6-m/nofp/crtbegin.o
LOAD C:/ST/STM32CubeIDE_2.1.1/STM32CubeIDE/plugins/com.st.stm32cube.ide.mcu.externaltools.gnu-tools-for-stm32.14.3.rel1.win32_1.0.100.202602081740/tools/bin/../lib/gcc/arm-none-eabi/14.3.1/../../../../arm-none-eabi/lib/thumb/v6-m/nofp/crt0.o
LOAD ./Application/Startup/startup_stm32c092rctx.o
LOAD ./Application/User/main.o
LOAD ./Application/User/stm32c0xx_hal_msp.o
LOAD ./Application/User/stm32c0xx_it.o
LOAD ./Application/User/syscalls.o
LOAD ./Application/User/sysmem.o
LOAD ./Drivers/BSP/STM32C0xx_Nucleo/stm32c0xx_nucleo.o
LOAD ./Drivers/CMSIS/system_stm32c0xx.o
LOAD ./Drivers/STM32C0xx_HAL_Driver/stm32c0xx_hal.o
LOAD ./Drivers/STM32C0xx_HAL_Driver/stm32c0xx_hal_adc.o
LOAD ./Drivers/STM32C0xx_HAL_Driver/stm32c0xx_hal_adc_ex.o
LOAD ./Drivers/STM32C0xx_HAL_Driver/stm32c0xx_hal_cortex.o
LOAD ./Drivers/STM32C0xx_HAL_Driver/stm32c0xx_hal_dma.o
LOAD ./Drivers/STM32C0xx_HAL_Driver/stm32c0xx_hal_dma_ex.o
LOAD ./Drivers/STM32C0xx_HAL_Driver/stm32c0xx_hal_exti.o
LOAD ./Drivers/STM32C0xx_HAL_Driver/stm32c0xx_hal_fdcan.o
LOAD ./Drivers/STM32C0xx_HAL_Driver/stm32c0xx_hal_flash.o
LOAD ./Drivers/STM32C0xx_HAL_Driver/stm32c0xx_hal_flash_ex.o
LOAD ./Drivers/STM32C0xx_HAL_Driver/stm32c0xx_hal_gpio.o
LOAD ./Drivers/STM32C0xx_HAL_Driver/stm32c0xx_hal_i2c.o
LOAD ./Drivers/STM32C0xx_HAL_Driver/stm32c0xx_hal_i2c_ex.o
LOAD ./Drivers/STM32C0xx_HAL_Driver/stm32c0xx_hal_pwr.o
LOAD ./Drivers/STM32C0xx_HAL_Driver/stm32c0xx_hal_pwr_ex.o
LOAD ./Drivers/STM32C0xx_HAL_Driver/stm32c0xx_hal_rcc.o
LOAD ./Drivers/STM32C0xx_HAL_Driver/stm32c0xx_hal_rcc_ex.o
LOAD ./Drivers/STM32C0xx_HAL_Driver/stm32c0xx_hal_tim.o
LOAD ./Drivers/STM32C0xx_HAL_Driver/stm32c0xx_hal_tim_ex.o
LOAD ./Drivers/STM32C0xx_HAL_Driver/stm32c0xx_hal_uart.o
LOAD ./Drivers/STM32C0xx_HAL_Driver/stm32c0xx_hal_uart_ex.o
LOAD ./Drivers/STM32C0xx_HAL_Driver/stm32c0xx_hal_usart.o
LOAD ./Drivers/STM32C0xx_HAL_Driver/stm32c0xx_hal_usart_ex.o
START GROUP
LOAD C:/ST/STM32CubeIDE_2.1.1/STM32CubeIDE/plugins/com.st.stm32cube.ide.mcu.externaltools.gnu-tools-for-stm32.14.3.rel1.win32_1.0.100.202602081740/tools/bin/../lib/gcc/arm-none-eabi/14.3.1/../../../../arm-none-eabi/lib/thumb/v6-m/nofp\libc_nano.a
LOAD C:/ST/STM32CubeIDE_2.1.1/STM32CubeIDE/plugins/com.st.stm32cube.ide.mcu.externaltools.gnu-tools-for-stm32.14.3.rel1.win32_1.0.100.202602081740/tools/bin/../lib/gcc/arm-none-eabi/14.3.1/../../../../arm-none-eabi/lib/thumb/v6-m/nofp\libm.a
END GROUP
START GROUP
LOAD C:/ST/STM32CubeIDE_2.1.1/STM32CubeIDE/plugins/com.st.stm32cube.ide.mcu.externaltools.gnu-tools-for-stm32.14.3.rel1.win32_1.0.100.202602081740/tools/bin/../lib/gcc/arm-none-eabi/14.3.1/thumb/v6-m/nofp\libgcc.a
LOAD C:/ST/STM32CubeIDE_2.1.1/STM32CubeIDE/plugins/com.st.stm32cube.ide.mcu.externaltools.gnu-tools-for-stm32.14.3.rel1.win32_1.0.100.202602081740/tools/bin/../lib/gcc/arm-none-eabi/14.3.1/../../../../arm-none-eabi/lib/thumb/v6-m/nofp\libc_nano.a
END GROUP
START GROUP
LOAD C:/ST/STM32CubeIDE_2.1.1/STM32CubeIDE/plugins/com.st.stm32cube.ide.mcu.externaltools.gnu-tools-for-stm32.14.3.rel1.win32_1.0.100.202602081740/tools/bin/../lib/gcc/arm-none-eabi/14.3.1/thumb/v6-m/nofp\libgcc.a
LOAD C:/ST/STM32CubeIDE_2.1.1/STM32CubeIDE/plugins/com.st.stm32cube.ide.mcu.externaltools.gnu-tools-for-stm32.14.3.rel1.win32_1.0.100.202602081740/tools/bin/../lib/gcc/arm-none-eabi/14.3.1/../../../../arm-none-eabi/lib/thumb/v6-m/nofp\libc_nano.a
LOAD C:/ST/STM32CubeIDE_2.1.1/STM32CubeIDE/plugins/com.st.stm32cube.ide.mcu.externaltools.gnu-tools-for-stm32.14.3.rel1.win32_1.0.100.202602081740/tools/bin/../lib/gcc/arm-none-eabi/14.3.1/../../../../arm-none-eabi/lib/thumb/v6-m/nofp\libnosys.a
END GROUP
START GROUP
LOAD C:/ST/STM32CubeIDE_2.1.1/STM32CubeIDE/plugins/com.st.stm32cube.ide.mcu.externaltools.gnu-tools-for-stm32.14.3.rel1.win32_1.0.100.202602081740/tools/bin/../lib/gcc/arm-none-eabi/14.3.1/thumb/v6-m/nofp\libgcc.a
LOAD C:/ST/STM32CubeIDE_2.1.1/STM32CubeIDE/plugins/com.st.stm32cube.ide.mcu.externaltools.gnu-tools-for-stm32.14.3.rel1.win32_1.0.100.202602081740/tools/bin/../lib/gcc/arm-none-eabi/14.3.1/../../../../arm-none-eabi/lib/thumb/v6-m/nofp\libc_nano.a
LOAD C:/ST/STM32CubeIDE_2.1.1/STM32CubeIDE/plugins/com.st.stm32cube.ide.mcu.externaltools.gnu-tools-for-stm32.14.3.rel1.win32_1.0.100.202602081740/tools/bin/../lib/gcc/arm-none-eabi/14.3.1/../../../../arm-none-eabi/lib/thumb/v6-m/nofp\libnosys.a
END GROUP
LOAD C:/ST/STM32CubeIDE_2.1.1/STM32CubeIDE/plugins/com.st.stm32cube.ide.mcu.externaltools.gnu-tools-for-stm32.14.3.rel1.win32_1.0.100.202602081740/tools/bin/../lib/gcc/arm-none-eabi/14.3.1/thumb/v6-m/nofp/crtend.o
LOAD C:/ST/STM32CubeIDE_2.1.1/STM32CubeIDE/plugins/com.st.stm32cube.ide.mcu.externaltools.gnu-tools-for-stm32.14.3.rel1.win32_1.0.100.202602081740/tools/bin/../lib/gcc/arm-none-eabi/14.3.1/thumb/v6-m/nofp/crtn.o
                0x20007800                        _estack = (ORIGIN (RAM) + LENGTH (RAM))
                0x00000200                        _Min_Heap_Size = 0x200
                0x00000400                        _Min_Stack_Size = 0x400

.isr_vector     0x08000000       0xc0
                0x08000000                        . = ALIGN (0x4)
 *(.isr_vector)
 .isr_vector    0x08000000       0xc0 ./Application/Startup/startup_stm32c092rctx.o
                0x08000000                g_pfnVectors
                0x080000c0                        . = ALIGN (0x4)

.text           0x080000c0     0xa454
                0x080000c0                        . = ALIGN (0x4)
 *(.text)
 .text          0x080000c0       0x48 C:/ST/STM32CubeIDE_2.1.1/STM32CubeIDE/plugins/com.st.stm32cube.ide.mcu.externaltools.gnu-tools-for-stm32.14.3.rel1.win32_1.0.100.202602081740/tools/bin/../lib/gcc/arm-none-eabi/14.3.1/thumb/v6-m/nofp/crtbegin.o
 .text          0x08000108       0x14 C:/ST/STM32CubeIDE_2.1.1/STM32CubeIDE/plugins/com.st.stm32cube.ide.mcu.externaltools.gnu-tools-for-stm32.14.3.rel1.win32_1.0.100.202602081740/tools/bin/../lib/gcc/arm-none-eabi/14.3.1/thumb/v6-m/nofp\libgcc.a(_thumb1_case_shi.o)
                0x08000108                __gnu_thumb1_case_shi
 .text          0x0800011c      0x114 C:/ST/STM32CubeIDE_2.1.1/STM32CubeIDE/plugins/com.st.stm32cube.ide.mcu.externaltools.gnu-tools-for-stm32.14.3.rel1.win32_1.0.100.202602081740/tools/bin/../lib/gcc/arm-none-eabi/14.3.1/thumb/v6-m/nofp\libgcc.a(_udivsi3.o)
                0x0800011c                __aeabi_uidiv
                0x0800011c                __udivsi3
                0x08000228                __aeabi_uidivmod
 .text          0x08000230        0x4 C:/ST/STM32CubeIDE_2.1.1/STM32CubeIDE/plugins/com.st.stm32cube.ide.mcu.externaltools.gnu-tools-for-stm32.14.3.rel1.win32_1.0.100.202602081740/tools/bin/../lib/gcc/arm-none-eabi/14.3.1/thumb/v6-m/nofp\libgcc.a(_dvmd_tls.o)
                0x08000230                __aeabi_idiv0
                0x08000230                __aeabi_ldiv0
 .text          0x08000234       0x74 C:/ST/STM32CubeIDE_2.1.1/STM32CubeIDE/plugins/com.st.stm32cube.ide.mcu.externaltools.gnu-tools-for-stm32.14.3.rel1.win32_1.0.100.202602081740/tools/bin/../lib/gcc/arm-none-eabi/14.3.1/thumb/v6-m/nofp\libgcc.a(_arm_cmpsf2.o)
                0x08000234                __aeabi_cfrcmple
                0x0800023c                __aeabi_cfcmpeq
                0x0800023c                __aeabi_cfcmple
                0x0800024c                __aeabi_fcmpeq
                0x08000258                __aeabi_fcmplt
                0x0800026c                __aeabi_fcmple
                0x08000280                __aeabi_fcmpgt
                0x08000294                __aeabi_fcmpge
 .text          0x080002a8       0x30 C:/ST/STM32CubeIDE_2.1.1/STM32CubeIDE/plugins/com.st.stm32cube.ide.mcu.externaltools.gnu-tools-for-stm32.14.3.rel1.win32_1.0.100.202602081740/tools/bin/../lib/gcc/arm-none-eabi/14.3.1/thumb/v6-m/nofp\libgcc.a(_fixunssfsi.o)
                0x080002a8                __fixunssfsi
                0x080002a8                __aeabi_f2uiz
 .text          0x080002d8      0x41c C:/ST/STM32CubeIDE_2.1.1/STM32CubeIDE/plugins/com.st.stm32cube.ide.mcu.externaltools.gnu-tools-for-stm32.14.3.rel1.win32_1.0.100.202602081740/tools/bin/../lib/gcc/arm-none-eabi/14.3.1/thumb/v6-m/nofp\libgcc.a(addsf3.o)
                0x080002d8                __aeabi_fadd
 .text          0x080006f4      0x22c C:/ST/STM32CubeIDE_2.1.1/STM32CubeIDE/plugins/com.st.stm32cube.ide.mcu.externaltools.gnu-tools-for-stm32.14.3.rel1.win32_1.0.100.202602081740/tools/bin/../lib/gcc/arm-none-eabi/14.3.1/thumb/v6-m/nofp\libgcc.a(divsf3.o)
                0x080006f4                __aeabi_fdiv
 .text          0x08000920       0x50 C:/ST/STM32CubeIDE_2.1.1/STM32CubeIDE/plugins/com.st.stm32cube.ide.mcu.externaltools.gnu-tools-for-stm32.14.3.rel1.win32_1.0.100.202602081740/tools/bin/../lib/gcc/arm-none-eabi/14.3.1/thumb/v6-m/nofp\libgcc.a(eqsf2.o)
                0x08000920                __eqsf2
                0x08000920                __nesf2
 .text          0x08000970       0x90 C:/ST/STM32CubeIDE_2.1.1/STM32CubeIDE/plugins/com.st.stm32cube.ide.mcu.externaltools.gnu-tools-for-stm32.14.3.rel1.win32_1.0.100.202602081740/tools/bin/../lib/gcc/arm-none-eabi/14.3.1/thumb/v6-m/nofp\libgcc.a(gesf2.o)
                0x08000970                __gesf2
                0x08000970                __gtsf2
 .text          0x08000a00       0x90 C:/ST/STM32CubeIDE_2.1.1/STM32CubeIDE/plugins/com.st.stm32cube.ide.mcu.externaltools.gnu-tools-for-stm32.14.3.rel1.win32_1.0.100.202602081740/tools/bin/../lib/gcc/arm-none-eabi/14.3.1/thumb/v6-m/nofp\libgcc.a(lesf2.o)
                0x08000a00                __ltsf2
                0x08000a00                __lesf2
 .text          0x08000a90      0x2a4 C:/ST/STM32CubeIDE_2.1.1/STM32CubeIDE/plugins/com.st.stm32cube.ide.mcu.externaltools.gnu-tools-for-stm32.14.3.rel1.win32_1.0.100.202602081740/tools/bin/../lib/gcc/arm-none-eabi/14.3.1/thumb/v6-m/nofp\libgcc.a(mulsf3.o)
                0x08000a90                __aeabi_fmul
 .text          0x08000d34      0x484 C:/ST/STM32CubeIDE_2.1.1/STM32CubeIDE/plugins/com.st.stm32cube.ide.mcu.externaltools.gnu-tools-for-stm32.14.3.rel1.win32_1.0.100.202602081740/tools/bin/../lib/gcc/arm-none-eabi/14.3.1/thumb/v6-m/nofp\libgcc.a(subsf3.o)
                0x08000d34                __aeabi_fsub
 .text          0x080011b8       0x40 C:/ST/STM32CubeIDE_2.1.1/STM32CubeIDE/plugins/com.st.stm32cube.ide.mcu.externaltools.gnu-tools-for-stm32.14.3.rel1.win32_1.0.100.202602081740/tools/bin/../lib/gcc/arm-none-eabi/14.3.1/thumb/v6-m/nofp\libgcc.a(fixsfsi.o)
                0x080011b8                __aeabi_f2iz
 .text          0x080011f8       0xa0 C:/ST/STM32CubeIDE_2.1.1/STM32CubeIDE/plugins/com.st.stm32cube.ide.mcu.externaltools.gnu-tools-for-stm32.14.3.rel1.win32_1.0.100.202602081740/tools/bin/../lib/gcc/arm-none-eabi/14.3.1/thumb/v6-m/nofp\libgcc.a(floatsisf.o)
                0x080011f8                __aeabi_i2f
 .text          0x08001298      0x63c C:/ST/STM32CubeIDE_2.1.1/STM32CubeIDE/plugins/com.st.stm32cube.ide.mcu.externaltools.gnu-tools-for-stm32.14.3.rel1.win32_1.0.100.202602081740/tools/bin/../lib/gcc/arm-none-eabi/14.3.1/thumb/v6-m/nofp\libgcc.a(divdf3.o)
                0x08001298                __aeabi_ddiv
 .text          0x080018d4       0x5c C:/ST/STM32CubeIDE_2.1.1/STM32CubeIDE/plugins/com.st.stm32cube.ide.mcu.externaltools.gnu-tools-for-stm32.14.3.rel1.win32_1.0.100.202602081740/tools/bin/../lib/gcc/arm-none-eabi/14.3.1/thumb/v6-m/nofp\libgcc.a(floatsidf.o)
                0x080018d4                __aeabi_i2d
 .text          0x08001930      0x110 C:/ST/STM32CubeIDE_2.1.1/STM32CubeIDE/plugins/com.st.stm32cube.ide.mcu.externaltools.gnu-tools-for-stm32.14.3.rel1.win32_1.0.100.202602081740/tools/bin/../lib/gcc/arm-none-eabi/14.3.1/thumb/v6-m/nofp\libgcc.a(truncdfsf2.o)
                0x08001930                __aeabi_d2f
 .text          0x08001a40       0x3c C:/ST/STM32CubeIDE_2.1.1/STM32CubeIDE/plugins/com.st.stm32cube.ide.mcu.externaltools.gnu-tools-for-stm32.14.3.rel1.win32_1.0.100.202602081740/tools/bin/../lib/gcc/arm-none-eabi/14.3.1/thumb/v6-m/nofp\libgcc.a(_clzsi2.o)
                0x08001a40                __clzsi2
 *(.text*)
 .text.Reset_Handler
                0x08001a7c       0x50 ./Application/Startup/startup_stm32c092rctx.o
                0x08001a7c                Reset_Handler
 .text.Default_Handler
                0x08001acc        0x2 ./Application/Startup/startup_stm32c092rctx.o
                0x08001acc                TIM1_CC_IRQHandler
                0x08001acc                I2C1_IRQHandler
                0x08001acc                FDCAN1_IT1_IRQHandler
                0x08001acc                SPI1_IRQHandler
                0x08001acc                USART3_4_IRQHandler
                0x08001acc                EXTI2_3_IRQHandler
                0x08001acc                ADC1_IRQHandler
                0x08001acc                I2C2_IRQHandler
                0x08001acc                TIM17_IRQHandler
                0x08001acc                RTC_IRQHandler
                0x08001acc                TIM16_IRQHandler
                0x08001acc                TIM3_IRQHandler
                0x08001acc                RCC_IRQHandler
                0x08001acc                DMA1_Channel1_IRQHandler
                0x08001acc                Default_Handler
                0x08001acc                TIM14_IRQHandler
                0x08001acc                TIM15_IRQHandler
                0x08001acc                EXTI0_1_IRQHandler
                0x08001acc                SPI2_IRQHandler
                0x08001acc                WWDG_IRQHandler
                0x08001acc                FDCAN1_IT0_IRQHandler
                0x08001acc                DMA1_Channel2_3_IRQHandler
                0x08001acc                DMAMUX1_DMA1_CH4_5_IRQHandler
                0x08001acc                USART2_IRQHandler
                0x08001acc                FLASH_IRQHandler
                0x08001acc                USART1_IRQHandler
                0x08001acc                TIM1_BRK_UP_TRG_COM_IRQHandler
 *fill*         0x08001ace        0x2 
 .text.read_adc
                0x08001ad0       0x44 ./Application/User/main.o
                0x08001ad0                read_adc
 .text.read_ina219
                0x08001b14       0x48 ./Application/User/main.o
                0x08001b14                read_ina219
 .text.readINA219
                0x08001b5c       0x54 ./Application/User/main.o
                0x08001b5c                readINA219
 .text.set_duty
                0x08001bb0       0xcc ./Application/User/main.o
                0x08001bb0                set_duty
 .text.HAL_TIM_PeriodElapsedCallback
                0x08001c7c      0x1a4 ./Application/User/main.o
                0x08001c7c                HAL_TIM_PeriodElapsedCallback
 .text.main     0x08001e20      0x314 ./Application/User/main.o
                0x08001e20                main
 .text.SystemClock_Config
                0x08002134       0x9c ./Application/User/main.o
                0x08002134                SystemClock_Config
 .text.MX_ADC1_Init
                0x080021d0       0xcc ./Application/User/main.o
 .text.MX_FDCAN1_Init
                0x0800229c       0x90 ./Application/User/main.o
 .text.MX_I2C2_Init
                0x0800232c       0x80 ./Application/User/main.o
 .text.MX_TIM1_Init
                0x080023ac      0x16c ./Application/User/main.o
 .text.MX_TIM2_Init
                0x08002518       0xa8 ./Application/User/main.o
 .text.MX_GPIO_Init
                0x080025c0       0x44 ./Application/User/main.o
 .text.BSP_PB_Callback
                0x08002604       0x70 ./Application/User/main.o
                0x08002604                BSP_PB_Callback
 .text.BufferCmp8b
                0x08002674       0x44 ./Application/User/main.o
 .text.Error_Handler
                0x080026b8       0x18 ./Application/User/main.o
                0x080026b8                Error_Handler
 .text.HAL_MspInit
                0x080026d0       0x48 ./Application/User/stm32c0xx_hal_msp.o
                0x080026d0                HAL_MspInit
 .text.HAL_ADC_MspInit
                0x08002718       0xb4 ./Application/User/stm32c0xx_hal_msp.o
                0x08002718                HAL_ADC_MspInit
 .text.HAL_FDCAN_MspInit
                0x080027cc       0xc4 ./Application/User/stm32c0xx_hal_msp.o
                0x080027cc                HAL_FDCAN_MspInit
 .text.HAL_I2C_MspInit
                0x08002890       0x94 ./Application/User/stm32c0xx_hal_msp.o
                0x08002890                HAL_I2C_MspInit
 .text.HAL_TIM_PWM_MspInit
                0x08002924       0x40 ./Application/User/stm32c0xx_hal_msp.o
                0x08002924                HAL_TIM_PWM_MspInit
 .text.HAL_TIM_Base_MspInit
                0x08002964       0x48 ./Application/User/stm32c0xx_hal_msp.o
                0x08002964                HAL_TIM_Base_MspInit
 .text.HAL_TIM_MspPostInit
                0x080029ac       0xa8 ./Application/User/stm32c0xx_hal_msp.o
                0x080029ac                HAL_TIM_MspPostInit
 .text.NMI_Handler
                0x08002a54        0xa ./Application/User/stm32c0xx_it.o
                0x08002a54                NMI_Handler
 .text.HardFault_Handler
                0x08002a5e        0x8 ./Application/User/stm32c0xx_it.o
                0x08002a5e                HardFault_Handler
 .text.SVC_Handler
                0x08002a66        0xa ./Application/User/stm32c0xx_it.o
                0x08002a66                SVC_Handler
 .text.PendSV_Handler
                0x08002a70        0xa ./Application/User/stm32c0xx_it.o
                0x08002a70                PendSV_Handler
 .text.SysTick_Handler
                0x08002a7a        0xe ./Application/User/stm32c0xx_it.o
                0x08002a7a                SysTick_Handler
 .text.TIM2_IRQHandler
                0x08002a88       0x18 ./Application/User/stm32c0xx_it.o
                0x08002a88                TIM2_IRQHandler
 .text.EXTI4_15_IRQHandler
                0x08002aa0       0x10 ./Application/User/stm32c0xx_it.o
                0x08002aa0                EXTI4_15_IRQHandler
 .text._read    0x08002ab0       0x3a ./Application/User/syscalls.o
                0x08002ab0                _read
 .text._write   0x08002aea       0x38 ./Application/User/syscalls.o
                0x08002aea                _write
 .text._close   0x08002b22       0x14 ./Application/User/syscalls.o
                0x08002b22                _close
 .text._fstat   0x08002b36       0x1c ./Application/User/syscalls.o
                0x08002b36                _fstat
 .text._isatty  0x08002b52       0x12 ./Application/User/syscalls.o
                0x08002b52                _isatty
 .text._lseek   0x08002b64       0x16 ./Application/User/syscalls.o
                0x08002b64                _lseek
 *fill*         0x08002b7a        0x2 
 .text._sbrk    0x08002b7c       0x6c ./Application/User/sysmem.o
                0x08002b7c                _sbrk
 .text.BSP_LED_Init
                0x08002be8       0xd4 ./Drivers/BSP/STM32C0xx_Nucleo/stm32c0xx_nucleo.o
                0x08002be8                BSP_LED_Init
 .text.BSP_LED_On
                0x08002cbc       0x7c ./Drivers/BSP/STM32C0xx_Nucleo/stm32c0xx_nucleo.o
                0x08002cbc                BSP_LED_On
 .text.BSP_LED_Off
                0x08002d38       0x7c ./Drivers/BSP/STM32C0xx_Nucleo/stm32c0xx_nucleo.o
                0x08002d38                BSP_LED_Off
 .text.BSP_LED_Toggle
                0x08002db4       0x54 ./Drivers/BSP/STM32C0xx_Nucleo/stm32c0xx_nucleo.o
                0x08002db4                BSP_LED_Toggle
 .text.BSP_PB_Init
                0x08002e08      0x108 ./Drivers/BSP/STM32C0xx_Nucleo/stm32c0xx_nucleo.o
                0x08002e08                BSP_PB_Init
 .text.BSP_PB_IRQHandler
                0x08002f10       0x30 ./Drivers/BSP/STM32C0xx_Nucleo/stm32c0xx_nucleo.o
                0x08002f10                BSP_PB_IRQHandler
 .text.BSP_COM_Init
                0x08002f40       0x64 ./Drivers/BSP/STM32C0xx_Nucleo/stm32c0xx_nucleo.o
                0x08002f40                BSP_COM_Init
 .text.MX_USART2_Init
                0x08002fa4       0x6c ./Drivers/BSP/STM32C0xx_Nucleo/stm32c0xx_nucleo.o
                0x08002fa4                MX_USART2_Init
 .text.__io_putchar
                0x08003010       0x34 ./Drivers/BSP/STM32C0xx_Nucleo/stm32c0xx_nucleo.o
                0x08003010                __io_putchar
 .text.BUTTON_USER_EXTI_Callback
                0x08003044       0x10 ./Drivers/BSP/STM32C0xx_Nucleo/stm32c0xx_nucleo.o
 .text.COM1_MspInit
                0x08003054       0xb0 ./Drivers/BSP/STM32C0xx_Nucleo/stm32c0xx_nucleo.o
 .text.SystemInit
                0x08003104       0x18 ./Drivers/CMSIS/system_stm32c0xx.o
                0x08003104                SystemInit
 .text.HAL_Init
                0x0800311c       0x2e ./Drivers/STM32C0xx_HAL_Driver/stm32c0xx_hal.o
                0x0800311c                HAL_Init
 *fill*         0x0800314a        0x2 
 .text.HAL_InitTick
                0x0800314c       0x94 ./Drivers/STM32C0xx_HAL_Driver/stm32c0xx_hal.o
                0x0800314c                HAL_InitTick
 .text.HAL_IncTick
                0x080031e0       0x24 ./Drivers/STM32C0xx_HAL_Driver/stm32c0xx_hal.o
                0x080031e0                HAL_IncTick
 .text.HAL_GetTick
                0x08003204       0x14 ./Drivers/STM32C0xx_HAL_Driver/stm32c0xx_hal.o
                0x08003204                HAL_GetTick
 .text.HAL_Delay
                0x08003218       0x48 ./Drivers/STM32C0xx_HAL_Driver/stm32c0xx_hal.o
                0x08003218                HAL_Delay
 .text.LL_ADC_SetCommonPathInternalCh
                0x08003260       0x28 ./Drivers/STM32C0xx_HAL_Driver/stm32c0xx_hal_adc.o
 .text.LL_ADC_GetCommonPathInternalCh
                0x08003288       0x1a ./Drivers/STM32C0xx_HAL_Driver/stm32c0xx_hal_adc.o
 .text.LL_ADC_SetSamplingTimeCommonChannels
                0x080032a2       0x3a ./Drivers/STM32C0xx_HAL_Driver/stm32c0xx_hal_adc.o
 .text.LL_ADC_GetSamplingTimeCommonChannels
                0x080032dc       0x2e ./Drivers/STM32C0xx_HAL_Driver/stm32c0xx_hal_adc.o
 .text.LL_ADC_REG_IsTriggerSourceSWStart
                0x0800330a       0x22 ./Drivers/STM32C0xx_HAL_Driver/stm32c0xx_hal_adc.o
 .text.LL_ADC_REG_SetSequencerRanks
                0x0800332c       0x40 ./Drivers/STM32C0xx_HAL_Driver/stm32c0xx_hal_adc.o
 .text.LL_ADC_REG_SetSequencerChAdd
                0x0800336c       0x22 ./Drivers/STM32C0xx_HAL_Driver/stm32c0xx_hal_adc.o
 .text.LL_ADC_REG_SetSequencerChRem
                0x0800338e       0x24 ./Drivers/STM32C0xx_HAL_Driver/stm32c0xx_hal_adc.o
 *fill*         0x080033b2        0x2 
 .text.LL_ADC_SetChannelSamplingTime
                0x080033b4       0x38 ./Drivers/STM32C0xx_HAL_Driver/stm32c0xx_hal_adc.o
 .text.LL_ADC_EnableInternalRegulator
                0x080033ec       0x28 ./Drivers/STM32C0xx_HAL_Driver/stm32c0xx_hal_adc.o
 .text.LL_ADC_IsInternalRegulatorEnabled
                0x08003414       0x28 ./Drivers/STM32C0xx_HAL_Driver/stm32c0xx_hal_adc.o
 .text.LL_ADC_Enable
                0x0800343c       0x24 ./Drivers/STM32C0xx_HAL_Driver/stm32c0xx_hal_adc.o
 .text.LL_ADC_Disable
                0x08003460       0x24 ./Drivers/STM32C0xx_HAL_Driver/stm32c0xx_hal_adc.o
 .text.LL_ADC_IsEnabled
                0x08003484       0x22 ./Drivers/STM32C0xx_HAL_Driver/stm32c0xx_hal_adc.o
 .text.LL_ADC_IsDisableOngoing
                0x080034a6       0x22 ./Drivers/STM32C0xx_HAL_Driver/stm32c0xx_hal_adc.o
 .text.LL_ADC_REG_StartConversion
                0x080034c8       0x24 ./Drivers/STM32C0xx_HAL_Driver/stm32c0xx_hal_adc.o
 .text.LL_ADC_REG_StopConversion
                0x080034ec       0x24 ./Drivers/STM32C0xx_HAL_Driver/stm32c0xx_hal_adc.o
 .text.LL_ADC_REG_IsConversionOngoing
                0x08003510       0x22 ./Drivers/STM32C0xx_HAL_Driver/stm32c0xx_hal_adc.o
 *fill*         0x08003532        0x2 
 .text.HAL_ADC_Init
                0x08003534      0x34c ./Drivers/STM32C0xx_HAL_Driver/stm32c0xx_hal_adc.o
                0x08003534                HAL_ADC_Init
 .text.HAL_ADC_Start
                0x08003880       0x9c ./Drivers/STM32C0xx_HAL_Driver/stm32c0xx_hal_adc.o
                0x08003880                HAL_ADC_Start
 .text.HAL_ADC_Stop
                0x0800391c       0x78 ./Drivers/STM32C0xx_HAL_Driver/stm32c0xx_hal_adc.o
                0x0800391c                HAL_ADC_Stop
 .text.HAL_ADC_PollForConversion
                0x08003994      0x11c ./Drivers/STM32C0xx_HAL_Driver/stm32c0xx_hal_adc.o
                0x08003994                HAL_ADC_PollForConversion
 .text.HAL_ADC_GetValue
                0x08003ab0       0x16 ./Drivers/STM32C0xx_HAL_Driver/stm32c0xx_hal_adc.o
                0x08003ab0                HAL_ADC_GetValue
 *fill*         0x08003ac6        0x2 
 .text.HAL_ADC_ConfigChannel
                0x08003ac8      0x3ac ./Drivers/STM32C0xx_HAL_Driver/stm32c0xx_hal_adc.o
                0x08003ac8                HAL_ADC_ConfigChannel
 .text.ADC_ConversionStop
                0x08003e74       0x78 ./Drivers/STM32C0xx_HAL_Driver/stm32c0xx_hal_adc.o
                0x08003e74                ADC_ConversionStop
 .text.ADC_Enable
                0x08003eec       0xfc ./Drivers/STM32C0xx_HAL_Driver/stm32c0xx_hal_adc.o
                0x08003eec                ADC_Enable
 .text.ADC_Disable
                0x08003fe8       0xb0 ./Drivers/STM32C0xx_HAL_Driver/stm32c0xx_hal_adc.o
                0x08003fe8                ADC_Disable
 .text.__NVIC_EnableIRQ
                0x08004098       0x34 ./Drivers/STM32C0xx_HAL_Driver/stm32c0xx_hal_cortex.o
 .text.__NVIC_SetPriority
                0x080040cc       0xdc ./Drivers/STM32C0xx_HAL_Driver/stm32c0xx_hal_cortex.o
 .text.SysTick_Config
                0x080041a8       0x48 ./Drivers/STM32C0xx_HAL_Driver/stm32c0xx_hal_cortex.o
 .text.HAL_NVIC_SetPriority
                0x080041f0       0x2a ./Drivers/STM32C0xx_HAL_Driver/stm32c0xx_hal_cortex.o
                0x080041f0                HAL_NVIC_SetPriority
 .text.HAL_NVIC_EnableIRQ
                0x0800421a       0x20 ./Drivers/STM32C0xx_HAL_Driver/stm32c0xx_hal_cortex.o
                0x0800421a                HAL_NVIC_EnableIRQ
 .text.HAL_SYSTICK_Config
                0x0800423a       0x1a ./Drivers/STM32C0xx_HAL_Driver/stm32c0xx_hal_cortex.o
                0x0800423a                HAL_SYSTICK_Config
 .text.HAL_DMA_Abort_IT
                0x08004254       0xf4 ./Drivers/STM32C0xx_HAL_Driver/stm32c0xx_hal_dma.o
                0x08004254                HAL_DMA_Abort_IT
 .text.HAL_DMA_GetState
                0x08004348       0x18 ./Drivers/STM32C0xx_HAL_Driver/stm32c0xx_hal_dma.o
                0x08004348                HAL_DMA_GetState
 .text.HAL_EXTI_RegisterCallback
                0x08004360       0x64 ./Drivers/STM32C0xx_HAL_Driver/stm32c0xx_hal_exti.o
                0x08004360                HAL_EXTI_RegisterCallback
 .text.HAL_EXTI_GetHandle
                0x080043c4       0x24 ./Drivers/STM32C0xx_HAL_Driver/stm32c0xx_hal_exti.o
                0x080043c4                HAL_EXTI_GetHandle
 .text.HAL_EXTI_IRQHandler
                0x080043e8       0x94 ./Drivers/STM32C0xx_HAL_Driver/stm32c0xx_hal_exti.o
                0x080043e8                HAL_EXTI_IRQHandler
 .text.HAL_FDCAN_Init
                0x0800447c      0x2c0 ./Drivers/STM32C0xx_HAL_Driver/stm32c0xx_hal_fdcan.o
                0x0800447c                HAL_FDCAN_Init
 .text.HAL_FDCAN_ConfigFilter
                0x0800473c       0xba ./Drivers/STM32C0xx_HAL_Driver/stm32c0xx_hal_fdcan.o
                0x0800473c                HAL_FDCAN_ConfigFilter
 .text.HAL_FDCAN_ConfigGlobalFilter
                0x080047f6       0x60 ./Drivers/STM32C0xx_HAL_Driver/stm32c0xx_hal_fdcan.o
                0x080047f6                HAL_FDCAN_ConfigGlobalFilter
 .text.HAL_FDCAN_ConfigTxDelayCompensation
                0x08004856       0x40 ./Drivers/STM32C0xx_HAL_Driver/stm32c0xx_hal_fdcan.o
                0x08004856                HAL_FDCAN_ConfigTxDelayCompensation
 .text.HAL_FDCAN_EnableTxDelayCompensation
                0x08004896       0x40 ./Drivers/STM32C0xx_HAL_Driver/stm32c0xx_hal_fdcan.o
                0x08004896                HAL_FDCAN_EnableTxDelayCompensation
 .text.HAL_FDCAN_Start
                0x080048d6       0x4c ./Drivers/STM32C0xx_HAL_Driver/stm32c0xx_hal_fdcan.o
                0x080048d6                HAL_FDCAN_Start
 .text.HAL_FDCAN_AddMessageToTxFifoQ
                0x08004922       0x8a ./Drivers/STM32C0xx_HAL_Driver/stm32c0xx_hal_fdcan.o
                0x08004922                HAL_FDCAN_AddMessageToTxFifoQ
 .text.HAL_FDCAN_GetRxMessage
                0x080049ac      0x22c ./Drivers/STM32C0xx_HAL_Driver/stm32c0xx_hal_fdcan.o
                0x080049ac                HAL_FDCAN_GetRxMessage
 .text.FDCAN_CalcultateRamBlockAddresses
                0x08004bd8       0xc0 ./Drivers/STM32C0xx_HAL_Driver/stm32c0xx_hal_fdcan.o
 .text.FDCAN_CopyMessageToRAM
                0x08004c98       0xf8 ./Drivers/STM32C0xx_HAL_Driver/stm32c0xx_hal_fdcan.o
 .text.HAL_GPIO_Init
                0x08004d90      0x2e4 ./Drivers/STM32C0xx_HAL_Driver/stm32c0xx_hal_gpio.o
                0x08004d90                HAL_GPIO_Init
 .text.HAL_GPIO_WritePin
                0x08005074       0x3a ./Drivers/STM32C0xx_HAL_Driver/stm32c0xx_hal_gpio.o
                0x08005074                HAL_GPIO_WritePin
 .text.HAL_GPIO_TogglePin
                0x080050ae       0x36 ./Drivers/STM32C0xx_HAL_Driver/stm32c0xx_hal_gpio.o
                0x080050ae                HAL_GPIO_TogglePin
 .text.HAL_I2C_Init
                0x080050e4      0x14c ./Drivers/STM32C0xx_HAL_Driver/stm32c0xx_hal_i2c.o
                0x080050e4                HAL_I2C_Init
 .text.HAL_I2C_Master_Transmit_IT
                0x08005230      0x154 ./Drivers/STM32C0xx_HAL_Driver/stm32c0xx_hal_i2c.o
                0x08005230                HAL_I2C_Master_Transmit_IT
 .text.HAL_I2C_Master_Receive_IT
                0x08005384       0xf8 ./Drivers/STM32C0xx_HAL_Driver/stm32c0xx_hal_i2c.o
                0x08005384                HAL_I2C_Master_Receive_IT
 .text.HAL_I2C_MasterTxCpltCallback
                0x0800547c       0x10 ./Drivers/STM32C0xx_HAL_Driver/stm32c0xx_hal_i2c.o
                0x0800547c                HAL_I2C_MasterTxCpltCallback
 .text.HAL_I2C_MasterRxCpltCallback
                0x0800548c       0x10 ./Drivers/STM32C0xx_HAL_Driver/stm32c0xx_hal_i2c.o
                0x0800548c                HAL_I2C_MasterRxCpltCallback
 .text.HAL_I2C_SlaveTxCpltCallback
                0x0800549c       0x10 ./Drivers/STM32C0xx_HAL_Driver/stm32c0xx_hal_i2c.o
                0x0800549c                HAL_I2C_SlaveTxCpltCallback
 .text.HAL_I2C_SlaveRxCpltCallback
                0x080054ac       0x10 ./Drivers/STM32C0xx_HAL_Driver/stm32c0xx_hal_i2c.o
                0x080054ac                HAL_I2C_SlaveRxCpltCallback
 .text.HAL_I2C_AddrCallback
                0x080054bc       0x20 ./Drivers/STM32C0xx_HAL_Driver/stm32c0xx_hal_i2c.o
                0x080054bc                HAL_I2C_AddrCallback
 .text.HAL_I2C_ListenCpltCallback
                0x080054dc       0x10 ./Drivers/STM32C0xx_HAL_Driver/stm32c0xx_hal_i2c.o
                0x080054dc                HAL_I2C_ListenCpltCallback
 .text.HAL_I2C_MemTxCpltCallback
                0x080054ec       0x10 ./Drivers/STM32C0xx_HAL_Driver/stm32c0xx_hal_i2c.o
                0x080054ec                HAL_I2C_MemTxCpltCallback
 .text.HAL_I2C_MemRxCpltCallback
                0x080054fc       0x10 ./Drivers/STM32C0xx_HAL_Driver/stm32c0xx_hal_i2c.o
                0x080054fc                HAL_I2C_MemRxCpltCallback
 .text.HAL_I2C_ErrorCallback
                0x0800550c       0x10 ./Drivers/STM32C0xx_HAL_Driver/stm32c0xx_hal_i2c.o
                0x0800550c                HAL_I2C_ErrorCallback
 .text.HAL_I2C_AbortCpltCallback
                0x0800551c       0x10 ./Drivers/STM32C0xx_HAL_Driver/stm32c0xx_hal_i2c.o
                0x0800551c                HAL_I2C_AbortCpltCallback
 .text.I2C_Master_ISR_IT
                0x0800552c      0x29c ./Drivers/STM32C0xx_HAL_Driver/stm32c0xx_hal_i2c.o
 .text.I2C_Slave_ISR_IT
                0x080057c8      0x228 ./Drivers/STM32C0xx_HAL_Driver/stm32c0xx_hal_i2c.o
 .text.I2C_Master_ISR_DMA
                0x080059f0      0x218 ./Drivers/STM32C0xx_HAL_Driver/stm32c0xx_hal_i2c.o
 .text.I2C_Mem_ISR_DMA
                0x08005c08      0x280 ./Drivers/STM32C0xx_HAL_Driver/stm32c0xx_hal_i2c.o
 .text.I2C_Slave_ISR_DMA
                0x08005e88      0x1f0 ./Drivers/STM32C0xx_HAL_Driver/stm32c0xx_hal_i2c.o
 .text.I2C_ITAddrCplt
                0x08006078      0x148 ./Drivers/STM32C0xx_HAL_Driver/stm32c0xx_hal_i2c.o
 .text.I2C_ITMasterSeqCplt
                0x080061c0       0x82 ./Drivers/STM32C0xx_HAL_Driver/stm32c0xx_hal_i2c.o
 *fill*         0x08006242        0x2 
 .text.I2C_ITSlaveSeqCplt
                0x08006244       0xcc ./Drivers/STM32C0xx_HAL_Driver/stm32c0xx_hal_i2c.o
 .text.I2C_ITMasterCplt
                0x08006310      0x1a4 ./Drivers/STM32C0xx_HAL_Driver/stm32c0xx_hal_i2c.o
 .text.I2C_ITSlaveCplt
                0x080064b4      0x320 ./Drivers/STM32C0xx_HAL_Driver/stm32c0xx_hal_i2c.o
 .text.I2C_ITListenCplt
                0x080067d4       0xb4 ./Drivers/STM32C0xx_HAL_Driver/stm32c0xx_hal_i2c.o
 .text.I2C_ITError
                0x08006888      0x204 ./Drivers/STM32C0xx_HAL_Driver/stm32c0xx_hal_i2c.o
 .text.I2C_TreatErrorCallback
                0x08006a8c       0x52 ./Drivers/STM32C0xx_HAL_Driver/stm32c0xx_hal_i2c.o
 .text.I2C_Flush_TXDR
                0x08006ade       0x44 ./Drivers/STM32C0xx_HAL_Driver/stm32c0xx_hal_i2c.o
 .text.I2C_DMAAbort
                0x08006b22       0x3e ./Drivers/STM32C0xx_HAL_Driver/stm32c0xx_hal_i2c.o
 .text.I2C_TransferConfig
                0x08006b60       0x74 ./Drivers/STM32C0xx_HAL_Driver/stm32c0xx_hal_i2c.o
 .text.I2C_Enable_IRQ
                0x08006bd4      0x114 ./Drivers/STM32C0xx_HAL_Driver/stm32c0xx_hal_i2c.o
 .text.I2C_Disable_IRQ
                0x08006ce8       0xc6 ./Drivers/STM32C0xx_HAL_Driver/stm32c0xx_hal_i2c.o
 *fill*         0x08006dae        0x2 
 .text.HAL_I2CEx_ConfigAnalogFilter
                0x08006db0       0x98 ./Drivers/STM32C0xx_HAL_Driver/stm32c0xx_hal_i2c_ex.o
                0x08006db0                HAL_I2CEx_ConfigAnalogFilter
 .text.HAL_I2CEx_ConfigDigitalFilter
                0x08006e48       0x98 ./Drivers/STM32C0xx_HAL_Driver/stm32c0xx_hal_i2c_ex.o
                0x08006e48                HAL_I2CEx_ConfigDigitalFilter
 .text.HAL_RCC_OscConfig
                0x08006ee0      0x3c8 ./Drivers/STM32C0xx_HAL_Driver/stm32c0xx_hal_rcc.o
                0x08006ee0                HAL_RCC_OscConfig
 .text.HAL_RCC_ClockConfig
                0x080072a8      0x214 ./Drivers/STM32C0xx_HAL_Driver/stm32c0xx_hal_rcc.o
                0x080072a8                HAL_RCC_ClockConfig
 .text.HAL_RCC_GetSysClockFreq
                0x080074bc       0xa0 ./Drivers/STM32C0xx_HAL_Driver/stm32c0xx_hal_rcc.o
                0x080074bc                HAL_RCC_GetSysClockFreq
 .text.HAL_RCC_GetHCLKFreq
                0x0800755c       0x3c ./Drivers/STM32C0xx_HAL_Driver/stm32c0xx_hal_rcc.o
                0x0800755c                HAL_RCC_GetHCLKFreq
 .text.HAL_RCC_GetPCLK1Freq
                0x08007598       0x30 ./Drivers/STM32C0xx_HAL_Driver/stm32c0xx_hal_rcc.o
                0x08007598                HAL_RCC_GetPCLK1Freq
 .text.HAL_RCCEx_PeriphCLKConfig
                0x080075c8      0x1f4 ./Drivers/STM32C0xx_HAL_Driver/stm32c0xx_hal_rcc_ex.o
                0x080075c8                HAL_RCCEx_PeriphCLKConfig
 .text.HAL_TIM_Base_Init
                0x080077bc       0xb0 ./Drivers/STM32C0xx_HAL_Driver/stm32c0xx_hal_tim.o
                0x080077bc                HAL_TIM_Base_Init
 .text.HAL_TIM_Base_Start_IT
                0x0800786c       0xb8 ./Drivers/STM32C0xx_HAL_Driver/stm32c0xx_hal_tim.o
                0x0800786c                HAL_TIM_Base_Start_IT
 .text.HAL_TIM_PWM_Init
                0x08007924       0xb0 ./Drivers/STM32C0xx_HAL_Driver/stm32c0xx_hal_tim.o
                0x08007924                HAL_TIM_PWM_Init
 .text.HAL_TIM_PWM_Start
                0x080079d4      0x1d4 ./Drivers/STM32C0xx_HAL_Driver/stm32c0xx_hal_tim.o
                0x080079d4                HAL_TIM_PWM_Start
 .text.HAL_TIM_IRQHandler
                0x08007ba8      0x210 ./Drivers/STM32C0xx_HAL_Driver/stm32c0xx_hal_tim.o
                0x08007ba8                HAL_TIM_IRQHandler
 .text.HAL_TIM_PWM_ConfigChannel
                0x08007db8      0x200 ./Drivers/STM32C0xx_HAL_Driver/stm32c0xx_hal_tim.o
                0x08007db8                HAL_TIM_PWM_ConfigChannel
 .text.HAL_TIM_ConfigClockSource
                0x08007fb8      0x1ac ./Drivers/STM32C0xx_HAL_Driver/stm32c0xx_hal_tim.o
                0x08007fb8                HAL_TIM_ConfigClockSource
 .text.HAL_TIM_OC_DelayElapsedCallback
                0x08008164       0x10 ./Drivers/STM32C0xx_HAL_Driver/stm32c0xx_hal_tim.o
                0x08008164                HAL_TIM_OC_DelayElapsedCallback
 .text.HAL_TIM_IC_CaptureCallback
                0x08008174       0x10 ./Drivers/STM32C0xx_HAL_Driver/stm32c0xx_hal_tim.o
                0x08008174                HAL_TIM_IC_CaptureCallback
 .text.HAL_TIM_PWM_PulseFinishedCallback
                0x08008184       0x10 ./Drivers/STM32C0xx_HAL_Driver/stm32c0xx_hal_tim.o
                0x08008184                HAL_TIM_PWM_PulseFinishedCallback
 .text.HAL_TIM_TriggerCallback
                0x08008194       0x10 ./Drivers/STM32C0xx_HAL_Driver/stm32c0xx_hal_tim.o
                0x08008194                HAL_TIM_TriggerCallback
 .text.TIM_Base_SetConfig
                0x080081a4      0x10c ./Drivers/STM32C0xx_HAL_Driver/stm32c0xx_hal_tim.o
                0x080081a4                TIM_Base_SetConfig
 .text.TIM_OC1_SetConfig
                0x080082b0      0x114 ./Drivers/STM32C0xx_HAL_Driver/stm32c0xx_hal_tim.o
 .text.TIM_OC2_SetConfig
                0x080083c4      0x108 ./Drivers/STM32C0xx_HAL_Driver/stm32c0xx_hal_tim.o
                0x080083c4                TIM_OC2_SetConfig
 .text.TIM_OC3_SetConfig
                0x080084cc      0x110 ./Drivers/STM32C0xx_HAL_Driver/stm32c0xx_hal_tim.o
 .text.TIM_OC4_SetConfig
                0x080085dc       0xd4 ./Drivers/STM32C0xx_HAL_Driver/stm32c0xx_hal_tim.o
 .text.TIM_OC5_SetConfig
                0x080086b0       0xc0 ./Drivers/STM32C0xx_HAL_Driver/stm32c0xx_hal_tim.o
 .text.TIM_OC6_SetConfig
                0x08008770       0xc8 ./Drivers/STM32C0xx_HAL_Driver/stm32c0xx_hal_tim.o
 .text.TIM_TI1_ConfigInputStage
                0x08008838       0x5c ./Drivers/STM32C0xx_HAL_Driver/stm32c0xx_hal_tim.o
 .text.TIM_TI2_ConfigInputStage
                0x08008894       0x64 ./Drivers/STM32C0xx_HAL_Driver/stm32c0xx_hal_tim.o
 .text.TIM_ITRx_SetConfig
                0x080088f8       0x38 ./Drivers/STM32C0xx_HAL_Driver/stm32c0xx_hal_tim.o
 .text.TIM_ETR_SetConfig
                0x08008930       0x40 ./Drivers/STM32C0xx_HAL_Driver/stm32c0xx_hal_tim.o
                0x08008930                TIM_ETR_SetConfig
 .text.TIM_CCxChannelCmd
                0x08008970       0x46 ./Drivers/STM32C0xx_HAL_Driver/stm32c0xx_hal_tim.o
                0x08008970                TIM_CCxChannelCmd
 *fill*         0x080089b6        0x2 
 .text.HAL_TIMEx_MasterConfigSynchronization
                0x080089b8       0xdc ./Drivers/STM32C0xx_HAL_Driver/stm32c0xx_hal_tim_ex.o
                0x080089b8                HAL_TIMEx_MasterConfigSynchronization
 .text.HAL_TIMEx_ConfigBreakDeadTime
                0x08008a94      0x138 ./Drivers/STM32C0xx_HAL_Driver/stm32c0xx_hal_tim_ex.o
                0x08008a94                HAL_TIMEx_ConfigBreakDeadTime
 .text.HAL_TIMEx_CommutCallback
                0x08008bcc       0x10 ./Drivers/STM32C0xx_HAL_Driver/stm32c0xx_hal_tim_ex.o
                0x08008bcc                HAL_TIMEx_CommutCallback
 .text.HAL_TIMEx_BreakCallback
                0x08008bdc       0x10 ./Drivers/STM32C0xx_HAL_Driver/stm32c0xx_hal_tim_ex.o
                0x08008bdc                HAL_TIMEx_BreakCallback
 .text.HAL_TIMEx_Break2Callback
                0x08008bec       0x10 ./Drivers/STM32C0xx_HAL_Driver/stm32c0xx_hal_tim_ex.o
                0x08008bec                HAL_TIMEx_Break2Callback
 .text.HAL_UART_Init
                0x08008bfc       0xac ./Drivers/STM32C0xx_HAL_Driver/stm32c0xx_hal_uart.o
                0x08008bfc                HAL_UART_Init
 .text.HAL_UART_MspInit
                0x08008ca8       0x10 ./Drivers/STM32C0xx_HAL_Driver/stm32c0xx_hal_uart.o
                0x08008ca8                HAL_UART_MspInit
 .text.HAL_UART_Transmit
                0x08008cb8      0x148 ./Drivers/STM32C0xx_HAL_Driver/stm32c0xx_hal_uart.o
                0x08008cb8                HAL_UART_Transmit
 .text.UART_SetConfig
                0x08008e00      0x32c ./Drivers/STM32C0xx_HAL_Driver/stm32c0xx_hal_uart.o
                0x08008e00                UART_SetConfig
 .text.UART_AdvFeatureConfig
                0x0800912c      0x168 ./Drivers/STM32C0xx_HAL_Driver/stm32c0xx_hal_uart.o
                0x0800912c                UART_AdvFeatureConfig
 .text.UART_CheckIdleState
                0x08009294      0x154 ./Drivers/STM32C0xx_HAL_Driver/stm32c0xx_hal_uart.o
                0x08009294                UART_CheckIdleState
 .text.UART_WaitOnFlagUntilTimeout
                0x080093e8       0xde ./Drivers/STM32C0xx_HAL_Driver/stm32c0xx_hal_uart.o
                0x080093e8                UART_WaitOnFlagUntilTimeout
 *fill*         0x080094c6        0x2 
 .text.UART_EndRxTransfer
                0x080094c8       0xcc ./Drivers/STM32C0xx_HAL_Driver/stm32c0xx_hal_uart.o
 .text.std      0x08009594       0x6c C:/ST/STM32CubeIDE_2.1.1/STM32CubeIDE/plugins/com.st.stm32cube.ide.mcu.externaltools.gnu-tools-for-stm32.14.3.rel1.win32_1.0.100.202602081740/tools/bin/../lib/gcc/arm-none-eabi/14.3.1/../../../../arm-none-eabi/lib/thumb/v6-m/nofp\libc_nano.a(libc_a-findfp.o)
 .text.stdio_exit_handler
                0x08009600       0x1c C:/ST/STM32CubeIDE_2.1.1/STM32CubeIDE/plugins/com.st.stm32cube.ide.mcu.externaltools.gnu-tools-for-stm32.14.3.rel1.win32_1.0.100.202602081740/tools/bin/../lib/gcc/arm-none-eabi/14.3.1/../../../../arm-none-eabi/lib/thumb/v6-m/nofp\libc_nano.a(libc_a-findfp.o)
 .text.cleanup_stdio
                0x0800961c       0x3c C:/ST/STM32CubeIDE_2.1.1/STM32CubeIDE/plugins/com.st.stm32cube.ide.mcu.externaltools.gnu-tools-for-stm32.14.3.rel1.win32_1.0.100.202602081740/tools/bin/../lib/gcc/arm-none-eabi/14.3.1/../../../../arm-none-eabi/lib/thumb/v6-m/nofp\libc_nano.a(libc_a-findfp.o)
 .text.global_stdio_init.part.0
                0x08009658       0x3c C:/ST/STM32CubeIDE_2.1.1/STM32CubeIDE/plugins/com.st.stm32cube.ide.mcu.externaltools.gnu-tools-for-stm32.14.3.rel1.win32_1.0.100.202602081740/tools/bin/../lib/gcc/arm-none-eabi/14.3.1/../../../../arm-none-eabi/lib/thumb/v6-m/nofp\libc_nano.a(libc_a-findfp.o)
 .text.__sfp_lock_acquire
                0x08009694       0x10 C:/ST/STM32CubeIDE_2.1.1/STM32CubeIDE/plugins/com.st.stm32cube.ide.mcu.externaltools.gnu-tools-for-stm32.14.3.rel1.win32_1.0.100.202602081740/tools/bin/../lib/gcc/arm-none-eabi/14.3.1/../../../../arm-none-eabi/lib/thumb/v6-m/nofp\libc_nano.a(libc_a-findfp.o)
                0x08009694                __sfp_lock_acquire
 .text.__sfp_lock_release
                0x080096a4       0x10 C:/ST/STM32CubeIDE_2.1.1/STM32CubeIDE/plugins/com.st.stm32cube.ide.mcu.externaltools.gnu-tools-for-stm32.14.3.rel1.win32_1.0.100.202602081740/tools/bin/../lib/gcc/arm-none-eabi/14.3.1/../../../../arm-none-eabi/lib/thumb/v6-m/nofp\libc_nano.a(libc_a-findfp.o)
                0x080096a4                __sfp_lock_release
 .text.__sinit  0x080096b4       0x30 C:/ST/STM32CubeIDE_2.1.1/STM32CubeIDE/plugins/com.st.stm32cube.ide.mcu.externaltools.gnu-tools-for-stm32.14.3.rel1.win32_1.0.100.202602081740/tools/bin/../lib/gcc/arm-none-eabi/14.3.1/../../../../arm-none-eabi/lib/thumb/v6-m/nofp\libc_nano.a(libc_a-findfp.o)
                0x080096b4                __sinit
 .text._fwalk_sglue
                0x080096e4       0x38 C:/ST/STM32CubeIDE_2.1.1/STM32CubeIDE/plugins/com.st.stm32cube.ide.mcu.externaltools.gnu-tools-for-stm32.14.3.rel1.win32_1.0.100.202602081740/tools/bin/../lib/gcc/arm-none-eabi/14.3.1/../../../../arm-none-eabi/lib/thumb/v6-m/nofp\libc_nano.a(libc_a-fwalk.o)
                0x080096e4                _fwalk_sglue
 .text.printf   0x0800971c       0x20 C:/ST/STM32CubeIDE_2.1.1/STM32CubeIDE/plugins/com.st.stm32cube.ide.mcu.externaltools.gnu-tools-for-stm32.14.3.rel1.win32_1.0.100.202602081740/tools/bin/../lib/gcc/arm-none-eabi/14.3.1/../../../../arm-none-eabi/lib/thumb/v6-m/nofp\libc_nano.a(libc_a-printf.o)
                0x0800971c                iprintf
                0x0800971c                printf
 .text._puts_r  0x0800973c       0xac C:/ST/STM32CubeIDE_2.1.1/STM32CubeIDE/plugins/com.st.stm32cube.ide.mcu.externaltools.gnu-tools-for-stm32.14.3.rel1.win32_1.0.100.202602081740/tools/bin/../lib/gcc/arm-none-eabi/14.3.1/../../../../arm-none-eabi/lib/thumb/v6-m/nofp\libc_nano.a(libc_a-puts.o)
                0x0800973c                _puts_r
 .text.puts     0x080097e8       0x14 C:/ST/STM32CubeIDE_2.1.1/STM32CubeIDE/plugins/com.st.stm32cube.ide.mcu.externaltools.gnu-tools-for-stm32.14.3.rel1.win32_1.0.100.202602081740/tools/bin/../lib/gcc/arm-none-eabi/14.3.1/../../../../arm-none-eabi/lib/thumb/v6-m/nofp\libc_nano.a(libc_a-puts.o)
                0x080097e8                puts
 .text.__sread  0x080097fc       0x28 C:/ST/STM32CubeIDE_2.1.1/STM32CubeIDE/plugins/com.st.stm32cube.ide.mcu.externaltools.gnu-tools-for-stm32.14.3.rel1.win32_1.0.100.202602081740/tools/bin/../lib/gcc/arm-none-eabi/14.3.1/../../../../arm-none-eabi/lib/thumb/v6-m/nofp\libc_nano.a(libc_a-stdio.o)
                0x080097fc                __sread
 .text.__swrite
                0x08009824       0x38 C:/ST/STM32CubeIDE_2.1.1/STM32CubeIDE/plugins/com.st.stm32cube.ide.mcu.externaltools.gnu-tools-for-stm32.14.3.rel1.win32_1.0.100.202602081740/tools/bin/../lib/gcc/arm-none-eabi/14.3.1/../../../../arm-none-eabi/lib/thumb/v6-m/nofp\libc_nano.a(libc_a-stdio.o)
                0x08009824                __swrite
 .text.__sseek  0x0800985c       0x2c C:/ST/STM32CubeIDE_2.1.1/STM32CubeIDE/plugins/com.st.stm32cube.ide.mcu.externaltools.gnu-tools-for-stm32.14.3.rel1.win32_1.0.100.202602081740/tools/bin/../lib/gcc/arm-none-eabi/14.3.1/../../../../arm-none-eabi/lib/thumb/v6-m/nofp\libc_nano.a(libc_a-stdio.o)
                0x0800985c                __sseek
 .text.__sclose
                0x08009888        0xc C:/ST/STM32CubeIDE_2.1.1/STM32CubeIDE/plugins/com.st.stm32cube.ide.mcu.externaltools.gnu-tools-for-stm32.14.3.rel1.win32_1.0.100.202602081740/tools/bin/../lib/gcc/arm-none-eabi/14.3.1/../../../../arm-none-eabi/lib/thumb/v6-m/nofp\libc_nano.a(libc_a-stdio.o)
                0x08009888                __sclose
 .text.__swbuf_r
                0x08009894       0x84 C:/ST/STM32CubeIDE_2.1.1/STM32CubeIDE/plugins/com.st.stm32cube.ide.mcu.externaltools.gnu-tools-for-stm32.14.3.rel1.win32_1.0.100.202602081740/tools/bin/../lib/gcc/arm-none-eabi/14.3.1/../../../../arm-none-eabi/lib/thumb/v6-m/nofp\libc_nano.a(libc_a-wbuf.o)
                0x08009894                __swbuf_r
 .text.__swsetup_r
                0x08009918       0xb4 C:/ST/STM32CubeIDE_2.1.1/STM32CubeIDE/plugins/com.st.stm32cube.ide.mcu.externaltools.gnu-tools-for-stm32.14.3.rel1.win32_1.0.100.202602081740/tools/bin/../lib/gcc/arm-none-eabi/14.3.1/../../../../arm-none-eabi/lib/thumb/v6-m/nofp\libc_nano.a(libc_a-wsetup.o)
                0x08009918                __swsetup_r
 .text.memset   0x080099cc       0x10 C:/ST/STM32CubeIDE_2.1.1/STM32CubeIDE/plugins/com.st.stm32cube.ide.mcu.externaltools.gnu-tools-for-stm32.14.3.rel1.win32_1.0.100.202602081740/tools/bin/../lib/gcc/arm-none-eabi/14.3.1/../../../../arm-none-eabi/lib/thumb/v6-m/nofp\libc_nano.a(libc_a-memset.o)
                0x080099cc                memset
 .text._close_r
                0x080099dc       0x24 C:/ST/STM32CubeIDE_2.1.1/STM32CubeIDE/plugins/com.st.stm32cube.ide.mcu.externaltools.gnu-tools-for-stm32.14.3.rel1.win32_1.0.100.202602081740/tools/bin/../lib/gcc/arm-none-eabi/14.3.1/../../../../arm-none-eabi/lib/thumb/v6-m/nofp\libc_nano.a(libc_a-closer.o)
                0x080099dc                _close_r
 .text._lseek_r
                0x08009a00       0x28 C:/ST/STM32CubeIDE_2.1.1/STM32CubeIDE/plugins/com.st.stm32cube.ide.mcu.externaltools.gnu-tools-for-stm32.14.3.rel1.win32_1.0.100.202602081740/tools/bin/../lib/gcc/arm-none-eabi/14.3.1/../../../../arm-none-eabi/lib/thumb/v6-m/nofp\libc_nano.a(libc_a-lseekr.o)
                0x08009a00                _lseek_r
 .text._read_r  0x08009a28       0x28 C:/ST/STM32CubeIDE_2.1.1/STM32CubeIDE/plugins/com.st.stm32cube.ide.mcu.externaltools.gnu-tools-for-stm32.14.3.rel1.win32_1.0.100.202602081740/tools/bin/../lib/gcc/arm-none-eabi/14.3.1/../../../../arm-none-eabi/lib/thumb/v6-m/nofp\libc_nano.a(libc_a-readr.o)
                0x08009a28                _read_r
 .text._write_r
                0x08009a50       0x28 C:/ST/STM32CubeIDE_2.1.1/STM32CubeIDE/plugins/com.st.stm32cube.ide.mcu.externaltools.gnu-tools-for-stm32.14.3.rel1.win32_1.0.100.202602081740/tools/bin/../lib/gcc/arm-none-eabi/14.3.1/../../../../arm-none-eabi/lib/thumb/v6-m/nofp\libc_nano.a(libc_a-writer.o)
                0x08009a50                _write_r
 .text.__errno  0x08009a78        0xc C:/ST/STM32CubeIDE_2.1.1/STM32CubeIDE/plugins/com.st.stm32cube.ide.mcu.externaltools.gnu-tools-for-stm32.14.3.rel1.win32_1.0.100.202602081740/tools/bin/../lib/gcc/arm-none-eabi/14.3.1/../../../../arm-none-eabi/lib/thumb/v6-m/nofp\libc_nano.a(libc_a-errno.o)
                0x08009a78                __errno
 .text.__libc_init_array
                0x08009a84       0x48 C:/ST/STM32CubeIDE_2.1.1/STM32CubeIDE/plugins/com.st.stm32cube.ide.mcu.externaltools.gnu-tools-for-stm32.14.3.rel1.win32_1.0.100.202602081740/tools/bin/../lib/gcc/arm-none-eabi/14.3.1/../../../../arm-none-eabi/lib/thumb/v6-m/nofp\libc_nano.a(libc_a-init.o)
                0x08009a84                __libc_init_array
 .text.__retarget_lock_init_recursive
                0x08009acc        0x2 C:/ST/STM32CubeIDE_2.1.1/STM32CubeIDE/plugins/com.st.stm32cube.ide.mcu.externaltools.gnu-tools-for-stm32.14.3.rel1.win32_1.0.100.202602081740/tools/bin/../lib/gcc/arm-none-eabi/14.3.1/../../../../arm-none-eabi/lib/thumb/v6-m/nofp\libc_nano.a(libc_a-lock.o)
                0x08009acc                __retarget_lock_init_recursive
 .text.__retarget_lock_acquire_recursive
                0x08009ace        0x2 C:/ST/STM32CubeIDE_2.1.1/STM32CubeIDE/plugins/com.st.stm32cube.ide.mcu.externaltools.gnu-tools-for-stm32.14.3.rel1.win32_1.0.100.202602081740/tools/bin/../lib/gcc/arm-none-eabi/14.3.1/../../../../arm-none-eabi/lib/thumb/v6-m/nofp\libc_nano.a(libc_a-lock.o)
                0x08009ace                __retarget_lock_acquire_recursive
 .text.__retarget_lock_release_recursive
                0x08009ad0        0x2 C:/ST/STM32CubeIDE_2.1.1/STM32CubeIDE/plugins/com.st.stm32cube.ide.mcu.externaltools.gnu-tools-for-stm32.14.3.rel1.win32_1.0.100.202602081740/tools/bin/../lib/gcc/arm-none-eabi/14.3.1/../../../../arm-none-eabi/lib/thumb/v6-m/nofp\libc_nano.a(libc_a-lock.o)
                0x08009ad0                __retarget_lock_release_recursive
 *fill*         0x08009ad2        0x2 
 .text._free_r  0x08009ad4       0x94 C:/ST/STM32CubeIDE_2.1.1/STM32CubeIDE/plugins/com.st.stm32cube.ide.mcu.externaltools.gnu-tools-for-stm32.14.3.rel1.win32_1.0.100.202602081740/tools/bin/../lib/gcc/arm-none-eabi/14.3.1/../../../../arm-none-eabi/lib/thumb/v6-m/nofp\libc_nano.a(libc_a-freer.o)
                0x08009ad4                _free_r
 .text.sbrk_aligned
                0x08009b68       0x44 C:/ST/STM32CubeIDE_2.1.1/STM32CubeIDE/plugins/com.st.stm32cube.ide.mcu.externaltools.gnu-tools-for-stm32.14.3.rel1.win32_1.0.100.202602081740/tools/bin/../lib/gcc/arm-none-eabi/14.3.1/../../../../arm-none-eabi/lib/thumb/v6-m/nofp\libc_nano.a(libc_a-mallocr.o)
 .text._malloc_r
                0x08009bac      0x100 C:/ST/STM32CubeIDE_2.1.1/STM32CubeIDE/plugins/com.st.stm32cube.ide.mcu.externaltools.gnu-tools-for-stm32.14.3.rel1.win32_1.0.100.202602081740/tools/bin/../lib/gcc/arm-none-eabi/14.3.1/../../../../arm-none-eabi/lib/thumb/v6-m/nofp\libc_nano.a(libc_a-mallocr.o)
                0x08009bac                _malloc_r
 .text.__malloc_lock
                0x08009cac       0x10 C:/ST/STM32CubeIDE_2.1.1/STM32CubeIDE/plugins/com.st.stm32cube.ide.mcu.externaltools.gnu-tools-for-stm32.14.3.rel1.win32_1.0.100.202602081740/tools/bin/../lib/gcc/arm-none-eabi/14.3.1/../../../../arm-none-eabi/lib/thumb/v6-m/nofp\libc_nano.a(libc_a-mlock.o)
                0x08009cac                __malloc_lock
 .text.__malloc_unlock
                0x08009cbc       0x10 C:/ST/STM32CubeIDE_2.1.1/STM32CubeIDE/plugins/com.st.stm32cube.ide.mcu.externaltools.gnu-tools-for-stm32.14.3.rel1.win32_1.0.100.202602081740/tools/bin/../lib/gcc/arm-none-eabi/14.3.1/../../../../arm-none-eabi/lib/thumb/v6-m/nofp\libc_nano.a(libc_a-mlock.o)
                0x08009cbc                __malloc_unlock
 .text.__sfputc_r
                0x08009ccc       0x2a C:/ST/STM32CubeIDE_2.1.1/STM32CubeIDE/plugins/com.st.stm32cube.ide.mcu.externaltools.gnu-tools-for-stm32.14.3.rel1.win32_1.0.100.202602081740/tools/bin/../lib/gcc/arm-none-eabi/14.3.1/../../../../arm-none-eabi/lib/thumb/v6-m/nofp\libc_nano.a(libc_a-nano-vfprintf.o)
 .text.__sfputs_r
                0x08009cf6       0x24 C:/ST/STM32CubeIDE_2.1.1/STM32CubeIDE/plugins/com.st.stm32cube.ide.mcu.externaltools.gnu-tools-for-stm32.14.3.rel1.win32_1.0.100.202602081740/tools/bin/../lib/gcc/arm-none-eabi/14.3.1/../../../../arm-none-eabi/lib/thumb/v6-m/nofp\libc_nano.a(libc_a-nano-vfprintf.o)
                0x08009cf6                __sfputs_r
 *fill*         0x08009d1a        0x2 
 .text._vfprintf_r
                0x08009d1c      0x230 C:/ST/STM32CubeIDE_2.1.1/STM32CubeIDE/plugins/com.st.stm32cube.ide.mcu.externaltools.gnu-tools-for-stm32.14.3.rel1.win32_1.0.100.202602081740/tools/bin/../lib/gcc/arm-none-eabi/14.3.1/../../../../arm-none-eabi/lib/thumb/v6-m/nofp\libc_nano.a(libc_a-nano-vfprintf.o)
                0x08009d1c                _vfprintf_r
                0x08009d1c                _vfiprintf_r
 .text._printf_common
                0x08009f4c       0xde C:/ST/STM32CubeIDE_2.1.1/STM32CubeIDE/plugins/com.st.stm32cube.ide.mcu.externaltools.gnu-tools-for-stm32.14.3.rel1.win32_1.0.100.202602081740/tools/bin/../lib/gcc/arm-none-eabi/14.3.1/../../../../arm-none-eabi/lib/thumb/v6-m/nofp\libc_nano.a(libc_a-nano-vfprintf_i.o)
                0x08009f4c                _printf_common
 *fill*         0x0800a02a        0x2 
 .text._printf_i
                0x0800a02c      0x218 C:/ST/STM32CubeIDE_2.1.1/STM32CubeIDE/plugins/com.st.stm32cube.ide.mcu.externaltools.gnu-tools-for-stm32.14.3.rel1.win32_1.0.100.202602081740/tools/bin/../lib/gcc/arm-none-eabi/14.3.1/../../../../arm-none-eabi/lib/thumb/v6-m/nofp\libc_nano.a(libc_a-nano-vfprintf_i.o)
                0x0800a02c                _printf_i
 .text.__sflush_r
                0x0800a244      0x114 C:/ST/STM32CubeIDE_2.1.1/STM32CubeIDE/plugins/com.st.stm32cube.ide.mcu.externaltools.gnu-tools-for-stm32.14.3.rel1.win32_1.0.100.202602081740/tools/bin/../lib/gcc/arm-none-eabi/14.3.1/../../../../arm-none-eabi/lib/thumb/v6-m/nofp\libc_nano.a(libc_a-fflush.o)
                0x0800a244                __sflush_r
 .text._fflush_r
                0x0800a358       0x56 C:/ST/STM32CubeIDE_2.1.1/STM32CubeIDE/plugins/com.st.stm32cube.ide.mcu.externaltools.gnu-tools-for-stm32.14.3.rel1.win32_1.0.100.202602081740/tools/bin/../lib/gcc/arm-none-eabi/14.3.1/../../../../arm-none-eabi/lib/thumb/v6-m/nofp\libc_nano.a(libc_a-fflush.o)
                0x0800a358                _fflush_r
 *fill*         0x0800a3ae        0x2 
 .text.__swhatbuf_r
                0x0800a3b0       0x54 C:/ST/STM32CubeIDE_2.1.1/STM32CubeIDE/plugins/com.st.stm32cube.ide.mcu.externaltools.gnu-tools-for-stm32.14.3.rel1.win32_1.0.100.202602081740/tools/bin/../lib/gcc/arm-none-eabi/14.3.1/../../../../arm-none-eabi/lib/thumb/v6-m/nofp\libc_nano.a(libc_a-makebuf.o)
                0x0800a3b0                __swhatbuf_r
 .text.__smakebuf_r
                0x0800a404       0x72 C:/ST/STM32CubeIDE_2.1.1/STM32CubeIDE/plugins/com.st.stm32cube.ide.mcu.externaltools.gnu-tools-for-stm32.14.3.rel1.win32_1.0.100.202602081740/tools/bin/../lib/gcc/arm-none-eabi/14.3.1/../../../../arm-none-eabi/lib/thumb/v6-m/nofp\libc_nano.a(libc_a-makebuf.o)
                0x0800a404                __smakebuf_r
 *fill*         0x0800a476        0x2 
 .text._fstat_r
                0x0800a478       0x24 C:/ST/STM32CubeIDE_2.1.1/STM32CubeIDE/plugins/com.st.stm32cube.ide.mcu.externaltools.gnu-tools-for-stm32.14.3.rel1.win32_1.0.100.202602081740/tools/bin/../lib/gcc/arm-none-eabi/14.3.1/../../../../arm-none-eabi/lib/thumb/v6-m/nofp\libc_nano.a(libc_a-fstatr.o)
                0x0800a478                _fstat_r
 .text._isatty_r
                0x0800a49c       0x24 C:/ST/STM32CubeIDE_2.1.1/STM32CubeIDE/plugins/com.st.stm32cube.ide.mcu.externaltools.gnu-tools-for-stm32.14.3.rel1.win32_1.0.100.202602081740/tools/bin/../lib/gcc/arm-none-eabi/14.3.1/../../../../arm-none-eabi/lib/thumb/v6-m/nofp\libc_nano.a(libc_a-isattyr.o)
                0x0800a49c                _isatty_r
 .text._sbrk_r  0x0800a4c0       0x24 C:/ST/STM32CubeIDE_2.1.1/STM32CubeIDE/plugins/com.st.stm32cube.ide.mcu.externaltools.gnu-tools-for-stm32.14.3.rel1.win32_1.0.100.202602081740/tools/bin/../lib/gcc/arm-none-eabi/14.3.1/../../../../arm-none-eabi/lib/thumb/v6-m/nofp\libc_nano.a(libc_a-sbrkr.o)
                0x0800a4c0                _sbrk_r
 .text.memchr   0x0800a4e4       0x16 C:/ST/STM32CubeIDE_2.1.1/STM32CubeIDE/plugins/com.st.stm32cube.ide.mcu.externaltools.gnu-tools-for-stm32.14.3.rel1.win32_1.0.100.202602081740/tools/bin/../lib/gcc/arm-none-eabi/14.3.1/../../../../arm-none-eabi/lib/thumb/v6-m/nofp\libc_nano.a(libc_a-memchr-stub.o)
                0x0800a4e4                memchr
 *(.glue_7)
 .glue_7        0x0800a4fa        0x0 linker stubs
 *(.glue_7t)
 .glue_7t       0x0800a4fa        0x0 linker stubs
 *(.eh_frame)
 *fill*         0x0800a4fa        0x2 
 .eh_frame      0x0800a4fc        0x0 C:/ST/STM32CubeIDE_2.1.1/STM32CubeIDE/plugins/com.st.stm32cube.ide.mcu.externaltools.gnu-tools-for-stm32.14.3.rel1.win32_1.0.100.202602081740/tools/bin/../lib/gcc/arm-none-eabi/14.3.1/thumb/v6-m/nofp/crtbegin.o
 *(.init)
 .init          0x0800a4fc        0x4 C:/ST/STM32CubeIDE_2.1.1/STM32CubeIDE/plugins/com.st.stm32cube.ide.mcu.externaltools.gnu-tools-for-stm32.14.3.rel1.win32_1.0.100.202602081740/tools/bin/../lib/gcc/arm-none-eabi/14.3.1/thumb/v6-m/nofp/crti.o
                0x0800a4fc                _init
 .init          0x0800a500        0x8 C:/ST/STM32CubeIDE_2.1.1/STM32CubeIDE/plugins/com.st.stm32cube.ide.mcu.externaltools.gnu-tools-for-stm32.14.3.rel1.win32_1.0.100.202602081740/tools/bin/../lib/gcc/arm-none-eabi/14.3.1/thumb/v6-m/nofp/crtn.o
 *(.fini)
 .fini          0x0800a508        0x4 C:/ST/STM32CubeIDE_2.1.1/STM32CubeIDE/plugins/com.st.stm32cube.ide.mcu.externaltools.gnu-tools-for-stm32.14.3.rel1.win32_1.0.100.202602081740/tools/bin/../lib/gcc/arm-none-eabi/14.3.1/thumb/v6-m/nofp/crti.o
                0x0800a508                _fini
 .fini          0x0800a50c        0x8 C:/ST/STM32CubeIDE_2.1.1/STM32CubeIDE/plugins/com.st.stm32cube.ide.mcu.externaltools.gnu-tools-for-stm32.14.3.rel1.win32_1.0.100.202602081740/tools/bin/../lib/gcc/arm-none-eabi/14.3.1/thumb/v6-m/nofp/crtn.o
                0x0800a514                        . = ALIGN (0x4)
                0x0800a514                        _etext = .

.vfp11_veneer   0x0800a514        0x0
 .vfp11_veneer  0x0800a514        0x0 linker stubs

.v4_bx          0x0800a514        0x0
 .v4_bx         0x0800a514        0x0 linker stubs

.iplt           0x0800a514        0x0
 .iplt          0x0800a514        0x0 C:/ST/STM32CubeIDE_2.1.1/STM32CubeIDE/plugins/com.st.stm32cube.ide.mcu.externaltools.gnu-tools-for-stm32.14.3.rel1.win32_1.0.100.202602081740/tools/bin/../lib/gcc/arm-none-eabi/14.3.1/thumb/v6-m/nofp/crtbegin.o

.rodata         0x0800a514      0x2ac
                0x0800a514                        . = ALIGN (0x4)
 *(.rodata)
 .rodata        0x0800a514       0xc5 ./Application/User/main.o
 *fill*         0x0800a5d9        0x3 
 .rodata        0x0800a5dc       0x7c C:/ST/STM32CubeIDE_2.1.1/STM32CubeIDE/plugins/com.st.stm32cube.ide.mcu.externaltools.gnu-tools-for-stm32.14.3.rel1.win32_1.0.100.202602081740/tools/bin/../lib/gcc/arm-none-eabi/14.3.1/thumb/v6-m/nofp\libgcc.a(divsf3.o)
 .rodata        0x0800a658       0x40 C:/ST/STM32CubeIDE_2.1.1/STM32CubeIDE/plugins/com.st.stm32cube.ide.mcu.externaltools.gnu-tools-for-stm32.14.3.rel1.win32_1.0.100.202602081740/tools/bin/../lib/gcc/arm-none-eabi/14.3.1/thumb/v6-m/nofp\libgcc.a(divdf3.o)
 *(.rodata*)
 .rodata.txData
                0x0800a698       0x10 ./Application/User/main.o
 .rodata.LED_PIN
                0x0800a6a8        0x4 ./Drivers/BSP/STM32C0xx_Nucleo/stm32c0xx_nucleo.o
 .rodata.BUTTON_EXTI_LINE.2
                0x0800a6ac        0x4 ./Drivers/BSP/STM32C0xx_Nucleo/stm32c0xx_nucleo.o
 .rodata.AHBPrescTable
                0x0800a6b0       0x40 ./Drivers/CMSIS/system_stm32c0xx.o
                0x0800a6b0                AHBPrescTable
 .rodata.APBPrescTable
                0x0800a6f0       0x20 ./Drivers/CMSIS/system_stm32c0xx.o
                0x0800a6f0                APBPrescTable
 .rodata.DLCtoBytes
                0x0800a710       0x10 ./Drivers/STM32C0xx_HAL_Driver/stm32c0xx_hal_fdcan.o
 .rodata.HAL_TIM_PWM_ConfigChannel
                0x0800a720       0x54 ./Drivers/STM32C0xx_HAL_Driver/stm32c0xx_hal_tim.o
 .rodata.UARTPrescTable
                0x0800a774       0x18 ./Drivers/STM32C0xx_HAL_Driver/stm32c0xx_hal_uart.o
                0x0800a774                UARTPrescTable
 .rodata._vfprintf_r.str1.1
                0x0800a78c       0x33 C:/ST/STM32CubeIDE_2.1.1/STM32CubeIDE/plugins/com.st.stm32cube.ide.mcu.externaltools.gnu-tools-for-stm32.14.3.rel1.win32_1.0.100.202602081740/tools/bin/../lib/gcc/arm-none-eabi/14.3.1/../../../../arm-none-eabi/lib/thumb/v6-m/nofp\libc_nano.a(libc_a-nano-vfprintf.o)
                                 0x11 (size before relaxing)
 .rodata._printf_i.str1.1
                0x0800a7bf       0x22 C:/ST/STM32CubeIDE_2.1.1/STM32CubeIDE/plugins/com.st.stm32cube.ide.mcu.externaltools.gnu-tools-for-stm32.14.3.rel1.win32_1.0.100.202602081740/tools/bin/../lib/gcc/arm-none-eabi/14.3.1/../../../../arm-none-eabi/lib/thumb/v6-m/nofp\libc_nano.a(libc_a-nano-vfprintf_i.o)
                0x0800a7e4                        . = ALIGN (0x4)
 *fill*         0x0800a7bf        0x1 

.ARM.extab      0x0800a7c0        0x0
                0x0800a7c0                        . = ALIGN (0x4)
 *(.ARM.extab* .gnu.linkonce.armextab.*)
                0x0800a7c0                        . = ALIGN (0x4)

.ARM            0x0800a7c0        0x0
                0x0800a7c0                        . = ALIGN (0x4)
                0x0800a7c0                        __exidx_start = .
 *(.ARM.exidx*)
                0x0800a7c0                        __exidx_end = .
                0x0800a7c0                        . = ALIGN (0x4)

.preinit_array  0x0800a7c0        0x0
                0x0800a7c0                        . = ALIGN (0x4)
                0x0800a7c0                        PROVIDE (__preinit_array_start = .)
 *(.preinit_array*)
                0x0800a7c0                        PROVIDE (__preinit_array_end = .)
                0x0800a7c0                        . = ALIGN (0x4)

.init_array     0x0800a7c0        0x4
                0x0800a7c0                        . = ALIGN (0x4)
                0x0800a7c0                        PROVIDE (__init_array_start = .)
 *(SORT_BY_NAME(.init_array.*))
 *(.init_array*)
 .init_array    0x0800a7c0        0x4 C:/ST/STM32CubeIDE_2.1.1/STM32CubeIDE/plugins/com.st.stm32cube.ide.mcu.externaltools.gnu-tools-for-stm32.14.3.rel1.win32_1.0.100.202602081740/tools/bin/../lib/gcc/arm-none-eabi/14.3.1/thumb/v6-m/nofp/crtbegin.o
                0x0800a7c4                        PROVIDE (__init_array_end = .)
                0x0800a7c4                        . = ALIGN (0x4)

.fini_array     0x0800a7c4        0x4
                0x0800a7c4                        . = ALIGN (0x4)
                [!provide]                        PROVIDE (__fini_array_start = .)
 *(SORT_BY_NAME(.fini_array.*))
 *(.fini_array*)
 .fini_array    0x0800a7c4        0x4 C:/ST/STM32CubeIDE_2.1.1/STM32CubeIDE/plugins/com.st.stm32cube.ide.mcu.externaltools.gnu-tools-for-stm32.14.3.rel1.win32_1.0.100.202602081740/tools/bin/../lib/gcc/arm-none-eabi/14.3.1/thumb/v6-m/nofp/crtbegin.o
                [!provide]                        PROVIDE (__fini_array_end = .)
                0x0800a7c8                        . = ALIGN (0x4)
                0x0800a7c8                        _sidata = LOADADDR (.data)

.rel.dyn        0x0800a7c8        0x0
 .rel.iplt      0x0800a7c8        0x0 C:/ST/STM32CubeIDE_2.1.1/STM32CubeIDE/plugins/com.st.stm32cube.ide.mcu.externaltools.gnu-tools-for-stm32.14.3.rel1.win32_1.0.100.202602081740/tools/bin/../lib/gcc/arm-none-eabi/14.3.1/thumb/v6-m/nofp/crtbegin.o

.data           0x20000000       0x88 load address 0x0800a7c8
                0x20000000                        . = ALIGN (0x4)
                0x20000000                        _sdata = .
 *(.data)
 *(.data*)
 .data.kp       0x20000000        0x4 ./Application/User/main.o
                0x20000000                kp
 .data.ki       0x20000004        0x4 ./Application/User/main.o
                0x20000004                ki
 .data.COM_USART
                0x20000008        0x4 ./Drivers/BSP/STM32C0xx_Nucleo/stm32c0xx_nucleo.o
                0x20000008                COM_USART
 .data.LED_PORT
                0x2000000c        0x8 ./Drivers/BSP/STM32C0xx_Nucleo/stm32c0xx_nucleo.o
 .data.BUTTON_PORT
                0x20000014        0x4 ./Drivers/BSP/STM32C0xx_Nucleo/stm32c0xx_nucleo.o
 .data.ButtonCallback.1
                0x20000018        0x4 ./Drivers/BSP/STM32C0xx_Nucleo/stm32c0xx_nucleo.o
 .data.BSP_BUTTON_PRIO.0
                0x2000001c        0x4 ./Drivers/BSP/STM32C0xx_Nucleo/stm32c0xx_nucleo.o
 .data.SystemCoreClock
                0x20000020        0x4 ./Drivers/CMSIS/system_stm32c0xx.o
                0x20000020                SystemCoreClock
 .data.uwTickPrio
                0x20000024        0x4 ./Drivers/STM32C0xx_HAL_Driver/stm32c0xx_hal.o
                0x20000024                uwTickPrio
 .data.uwTickFreq
                0x20000028        0x1 ./Drivers/STM32C0xx_HAL_Driver/stm32c0xx_hal.o
                0x20000028                uwTickFreq
 *fill*         0x20000029        0x3 
 .data.__sglue  0x2000002c        0xc C:/ST/STM32CubeIDE_2.1.1/STM32CubeIDE/plugins/com.st.stm32cube.ide.mcu.externaltools.gnu-tools-for-stm32.14.3.rel1.win32_1.0.100.202602081740/tools/bin/../lib/gcc/arm-none-eabi/14.3.1/../../../../arm-none-eabi/lib/thumb/v6-m/nofp\libc_nano.a(libc_a-findfp.o)
                0x2000002c                __sglue
 .data._impure_ptr
                0x20000038        0x4 C:/ST/STM32CubeIDE_2.1.1/STM32CubeIDE/plugins/com.st.stm32cube.ide.mcu.externaltools.gnu-tools-for-stm32.14.3.rel1.win32_1.0.100.202602081740/tools/bin/../lib/gcc/arm-none-eabi/14.3.1/../../../../arm-none-eabi/lib/thumb/v6-m/nofp\libc_nano.a(libc_a-impure.o)
                0x20000038                _impure_ptr
 .data._impure_data
                0x2000003c       0x4c C:/ST/STM32CubeIDE_2.1.1/STM32CubeIDE/plugins/com.st.stm32cube.ide.mcu.externaltools.gnu-tools-for-stm32.14.3.rel1.win32_1.0.100.202602081740/tools/bin/../lib/gcc/arm-none-eabi/14.3.1/../../../../arm-none-eabi/lib/thumb/v6-m/nofp\libc_nano.a(libc_a-impure.o)
                0x2000003c                _impure_data
 *(.RamFunc)
 *(.RamFunc*)
                0x20000088                        . = ALIGN (0x4)
                0x20000088                        _edata = .

.igot.plt       0x20000088        0x0 load address 0x0800a850
 .igot.plt      0x20000088        0x0 C:/ST/STM32CubeIDE_2.1.1/STM32CubeIDE/plugins/com.st.stm32cube.ide.mcu.externaltools.gnu-tools-for-stm32.14.3.rel1.win32_1.0.100.202602081740/tools/bin/../lib/gcc/arm-none-eabi/14.3.1/thumb/v6-m/nofp/crtbegin.o
                0x20000088                        . = ALIGN (0x4)

.bss            0x20000088     0x10c4 load address 0x0800a850
                0x20000088                        _sbss = .
                0x20000088                        __bss_start__ = _sbss
 *(.bss)
 .bss           0x20000088       0x1c C:/ST/STM32CubeIDE_2.1.1/STM32CubeIDE/plugins/com.st.stm32cube.ide.mcu.externaltools.gnu-tools-for-stm32.14.3.rel1.win32_1.0.100.202602081740/tools/bin/../lib/gcc/arm-none-eabi/14.3.1/thumb/v6-m/nofp/crtbegin.o
 *(.bss*)
 .bss.BspCOMInit
                0x200000a4       0x10 ./Application/User/main.o
                0x200000a4                BspCOMInit
 .bss.hadc1     0x200000b4       0x64 ./Application/User/main.o
                0x200000b4                hadc1
 .bss.hfdcan1   0x20000118       0x64 ./Application/User/main.o
                0x20000118                hfdcan1
 .bss.hi2c2     0x2000017c       0x54 ./Application/User/main.o
                0x2000017c                hi2c2
 .bss.htim1     0x200001d0       0x4c ./Application/User/main.o
                0x200001d0                htim1
 .bss.htim2     0x2000021c       0x4c ./Application/User/main.o
                0x2000021c                htim2
 .bss.rxHeader  0x20000268       0x28 ./Application/User/main.o
                0x20000268                rxHeader
 .bss.txHeader  0x20000290       0x24 ./Application/User/main.o
                0x20000290                txHeader
 .bss.rxData    0x200002b4       0x10 ./Application/User/main.o
                0x200002b4                rxData
 .bss.desired_current
                0x200002c4      0x640 ./Application/User/main.o
                0x200002c4                desired_current
 .bss.saved_current
                0x20000904      0x640 ./Application/User/main.o
                0x20000904                saved_current
 .bss.pid_out   0x20000f44        0x4 ./Application/User/main.o
                0x20000f44                pid_out
 .bss.state     0x20000f48        0x4 ./Application/User/main.o
                0x20000f48                state
 .bss.counter.1
                0x20000f4c        0x4 ./Application/User/main.o
 .bss.eint.0    0x20000f50        0x4 ./Application/User/main.o
 .bss.__sbrk_heap_end
                0x20000f54        0x4 ./Application/User/sysmem.o
 .bss.hpb_exti  0x20000f58        0xc ./Drivers/BSP/STM32C0xx_Nucleo/stm32c0xx_nucleo.o
                0x20000f58                hpb_exti
 .bss.hcom_uart
                0x20000f64       0x94 ./Drivers/BSP/STM32C0xx_Nucleo/stm32c0xx_nucleo.o
                0x20000f64                hcom_uart
 .bss.COM_ActiveLogPort
                0x20000ff8        0x1 ./Drivers/BSP/STM32C0xx_Nucleo/stm32c0xx_nucleo.o
 *fill*         0x20000ff9        0x3 
 .bss.uwTick    0x20000ffc        0x4 ./Drivers/STM32C0xx_HAL_Driver/stm32c0xx_hal.o
                0x20000ffc                uwTick
 .bss.__sf      0x20001000      0x138 C:/ST/STM32CubeIDE_2.1.1/STM32CubeIDE/plugins/com.st.stm32cube.ide.mcu.externaltools.gnu-tools-for-stm32.14.3.rel1.win32_1.0.100.202602081740/tools/bin/../lib/gcc/arm-none-eabi/14.3.1/../../../../arm-none-eabi/lib/thumb/v6-m/nofp\libc_nano.a(libc_a-findfp.o)
                0x20001000                __sf
 .bss.__stdio_exit_handler
                0x20001138        0x4 C:/ST/STM32CubeIDE_2.1.1/STM32CubeIDE/plugins/com.st.stm32cube.ide.mcu.externaltools.gnu-tools-for-stm32.14.3.rel1.win32_1.0.100.202602081740/tools/bin/../lib/gcc/arm-none-eabi/14.3.1/../../../../arm-none-eabi/lib/thumb/v6-m/nofp\libc_nano.a(libc_a-findfp.o)
                0x20001138                __stdio_exit_handler
 .bss.errno     0x2000113c        0x4 C:/ST/STM32CubeIDE_2.1.1/STM32CubeIDE/plugins/com.st.stm32cube.ide.mcu.externaltools.gnu-tools-for-stm32.14.3.rel1.win32_1.0.100.202602081740/tools/bin/../lib/gcc/arm-none-eabi/14.3.1/../../../../arm-none-eabi/lib/thumb/v6-m/nofp\libc_nano.a(libc_a-reent.o)
                0x2000113c                errno
 .bss.__lock___malloc_recursive_mutex
                0x20001140        0x1 C:/ST/STM32CubeIDE_2.1.1/STM32CubeIDE/plugins/com.st.stm32cube.ide.mcu.externaltools.gnu-tools-for-stm32.14.3.rel1.win32_1.0.100.202602081740/tools/bin/../lib/gcc/arm-none-eabi/14.3.1/../../../../arm-none-eabi/lib/thumb/v6-m/nofp\libc_nano.a(libc_a-lock.o)
                0x20001140                __lock___malloc_recursive_mutex
 .bss.__lock___sfp_recursive_mutex
                0x20001141        0x1 C:/ST/STM32CubeIDE_2.1.1/STM32CubeIDE/plugins/com.st.stm32cube.ide.mcu.externaltools.gnu-tools-for-stm32.14.3.rel1.win32_1.0.100.202602081740/tools/bin/../lib/gcc/arm-none-eabi/14.3.1/../../../../arm-none-eabi/lib/thumb/v6-m/nofp\libc_nano.a(libc_a-lock.o)
                0x20001141                __lock___sfp_recursive_mutex
 *fill*         0x20001142        0x2 
 .bss.__malloc_sbrk_start
                0x20001144        0x4 C:/ST/STM32CubeIDE_2.1.1/STM32CubeIDE/plugins/com.st.stm32cube.ide.mcu.externaltools.gnu-tools-for-stm32.14.3.rel1.win32_1.0.100.202602081740/tools/bin/../lib/gcc/arm-none-eabi/14.3.1/../../../../arm-none-eabi/lib/thumb/v6-m/nofp\libc_nano.a(libc_a-mallocr.o)
                0x20001144                __malloc_sbrk_start
 .bss.__malloc_free_list
                0x20001148        0x4 C:/ST/STM32CubeIDE_2.1.1/STM32CubeIDE/plugins/com.st.stm32cube.ide.mcu.externaltools.gnu-tools-for-stm32.14.3.rel1.win32_1.0.100.202602081740/tools/bin/../lib/gcc/arm-none-eabi/14.3.1/../../../../arm-none-eabi/lib/thumb/v6-m/nofp\libc_nano.a(libc_a-mallocr.o)
                0x20001148                __malloc_free_list
 *(COMMON)
                0x2000114c                        . = ALIGN (0x4)
                0x2000114c                        _ebss = .
                0x2000114c                        __bss_end__ = _ebss

._user_heap_stack
                0x2000114c      0x604 load address 0x0800a850
                0x20001150                        . = ALIGN (0x8)
 *fill*         0x2000114c        0x4 
                [!provide]                        PROVIDE (end = .)
                0x20001150                        PROVIDE (_end = .)
                0x20001350                        . = (. + _Min_Heap_Size)
 *fill*         0x20001150      0x200 
                0x20001750                        . = (. + _Min_Stack_Size)
 *fill*         0x20001350      0x400 
                0x20001750                        . = ALIGN (0x8)

/DISCARD/
 libc.a(*)
 libm.a(*)
 libgcc.a(*)

.ARM.attributes
                0x00000000       0x28
 *(.ARM.attributes)
 .ARM.attributes
                0x00000000       0x1e C:/ST/STM32CubeIDE_2.1.1/STM32CubeIDE/plugins/com.st.stm32cube.ide.mcu.externaltools.gnu-tools-for-stm32.14.3.rel1.win32_1.0.100.202602081740/tools/bin/../lib/gcc/arm-none-eabi/14.3.1/thumb/v6-m/nofp/crti.o
 .ARM.attributes
                0x0000001e       0x2c C:/ST/STM32CubeIDE_2.1.1/STM32CubeIDE/plugins/com.st.stm32cube.ide.mcu.externaltools.gnu-tools-for-stm32.14.3.rel1.win32_1.0.100.202602081740/tools/bin/../lib/gcc/arm-none-eabi/14.3.1/thumb/v6-m/nofp/crtbegin.o
 .ARM.attributes
                0x0000004a       0x22 ./Application/Startup/startup_stm32c092rctx.o
 .ARM.attributes
                0x0000006c       0x2c ./Application/User/main.o
 .ARM.attributes
                0x00000098       0x2c ./Application/User/stm32c0xx_hal_msp.o
 .ARM.attributes
                0x000000c4       0x2c ./Application/User/stm32c0xx_it.o
 .ARM.attributes
                0x000000f0       0x2c ./Application/User/syscalls.o
 .ARM.attributes
                0x0000011c       0x2c ./Application/User/sysmem.o
 .ARM.attributes
                0x00000148       0x2c ./Drivers/BSP/STM32C0xx_Nucleo/stm32c0xx_nucleo.o
 .ARM.attributes
                0x00000174       0x2c ./Drivers/CMSIS/system_stm32c0xx.o
 .ARM.attributes
                0x000001a0       0x2c ./Drivers/STM32C0xx_HAL_Driver/stm32c0xx_hal.o
 .ARM.attributes
                0x000001cc       0x2c ./Drivers/STM32C0xx_HAL_Driver/stm32c0xx_hal_adc.o
 .ARM.attributes
                0x000001f8       0x2c ./Drivers/STM32C0xx_HAL_Driver/stm32c0xx_hal_cortex.o
 .ARM.attributes
                0x00000224       0x2c ./Drivers/STM32C0xx_HAL_Driver/stm32c0xx_hal_dma.o
 .ARM.attributes
                0x00000250       0x2c ./Drivers/STM32C0xx_HAL_Driver/stm32c0xx_hal_exti.o
 .ARM.attributes
                0x0000027c       0x2c ./Drivers/STM32C0xx_HAL_Driver/stm32c0xx_hal_fdcan.o
 .ARM.attributes
                0x000002a8       0x2c ./Drivers/STM32C0xx_HAL_Driver/stm32c0xx_hal_gpio.o
 .ARM.attributes
                0x000002d4       0x2c ./Drivers/STM32C0xx_HAL_Driver/stm32c0xx_hal_i2c.o
 .ARM.attributes
                0x00000300       0x2c ./Drivers/STM32C0xx_HAL_Driver/stm32c0xx_hal_i2c_ex.o
 .ARM.attributes
                0x0000032c       0x2c ./Drivers/STM32C0xx_HAL_Driver/stm32c0xx_hal_rcc.o
 .ARM.attributes
                0x00000358       0x2c ./Drivers/STM32C0xx_HAL_Driver/stm32c0xx_hal_rcc_ex.o
 .ARM.attributes
                0x00000384       0x2c ./Drivers/STM32C0xx_HAL_Driver/stm32c0xx_hal_tim.o
 .ARM.attributes
                0x000003b0       0x2c ./Drivers/STM32C0xx_HAL_Driver/stm32c0xx_hal_tim_ex.o
 .ARM.attributes
                0x000003dc       0x2c ./Drivers/STM32C0xx_HAL_Driver/stm32c0xx_hal_uart.o
 .ARM.attributes
                0x00000408       0x2c C:/ST/STM32CubeIDE_2.1.1/STM32CubeIDE/plugins/com.st.stm32cube.ide.mcu.externaltools.gnu-tools-for-stm32.14.3.rel1.win32_1.0.100.202602081740/tools/bin/../lib/gcc/arm-none-eabi/14.3.1/../../../../arm-none-eabi/lib/thumb/v6-m/nofp\libc_nano.a(libc_a-findfp.o)
 .ARM.attributes
                0x00000434       0x2c C:/ST/STM32CubeIDE_2.1.1/STM32CubeIDE/plugins/com.st.stm32cube.ide.mcu.externaltools.gnu-tools-for-stm32.14.3.rel1.win32_1.0.100.202602081740/tools/bin/../lib/gcc/arm-none-eabi/14.3.1/../../../../arm-none-eabi/lib/thumb/v6-m/nofp\libc_nano.a(libc_a-fwalk.o)
 .ARM.attributes
                0x00000460       0x2c C:/ST/STM32CubeIDE_2.1.1/STM32CubeIDE/plugins/com.st.stm32cube.ide.mcu.externaltools.gnu-tools-for-stm32.14.3.rel1.win32_1.0.100.202602081740/tools/bin/../lib/gcc/arm-none-eabi/14.3.1/../../../../arm-none-eabi/lib/thumb/v6-m/nofp\libc_nano.a(libc_a-printf.o)
 .ARM.attributes
                0x0000048c       0x2c C:/ST/STM32CubeIDE_2.1.1/STM32CubeIDE/plugins/com.st.stm32cube.ide.mcu.externaltools.gnu-tools-for-stm32.14.3.rel1.win32_1.0.100.202602081740/tools/bin/../lib/gcc/arm-none-eabi/14.3.1/../../../../arm-none-eabi/lib/thumb/v6-m/nofp\libc_nano.a(libc_a-puts.o)
 .ARM.attributes
                0x000004b8       0x2c C:/ST/STM32CubeIDE_2.1.1/STM32CubeIDE/plugins/com.st.stm32cube.ide.mcu.externaltools.gnu-tools-for-stm32.14.3.rel1.win32_1.0.100.202602081740/tools/bin/../lib/gcc/arm-none-eabi/14.3.1/../../../../arm-none-eabi/lib/thumb/v6-m/nofp\libc_nano.a(libc_a-stdio.o)
 .ARM.attributes
                0x000004e4       0x2c C:/ST/STM32CubeIDE_2.1.1/STM32CubeIDE/plugins/com.st.stm32cube.ide.mcu.externaltools.gnu-tools-for-stm32.14.3.rel1.win32_1.0.100.202602081740/tools/bin/../lib/gcc/arm-none-eabi/14.3.1/../../../../arm-none-eabi/lib/thumb/v6-m/nofp\libc_nano.a(libc_a-wbuf.o)
 .ARM.attributes
                0x00000510       0x2c C:/ST/STM32CubeIDE_2.1.1/STM32CubeIDE/plugins/com.st.stm32cube.ide.mcu.externaltools.gnu-tools-for-stm32.14.3.rel1.win32_1.0.100.202602081740/tools/bin/../lib/gcc/arm-none-eabi/14.3.1/../../../../arm-none-eabi/lib/thumb/v6-m/nofp\libc_nano.a(libc_a-wsetup.o)
 .ARM.attributes
                0x0000053c       0x2c C:/ST/STM32CubeIDE_2.1.1/STM32CubeIDE/plugins/com.st.stm32cube.ide.mcu.externaltools.gnu-tools-for-stm32.14.3.rel1.win32_1.0.100.202602081740/tools/bin/../lib/gcc/arm-none-eabi/14.3.1/../../../../arm-none-eabi/lib/thumb/v6-m/nofp\libc_nano.a(libc_a-memset.o)
 .ARM.attributes
                0x00000568       0x2c C:/ST/STM32CubeIDE_2.1.1/STM32CubeIDE/plugins/com.st.stm32cube.ide.mcu.externaltools.gnu-tools-for-stm32.14.3.rel1.win32_1.0.100.202602081740/tools/bin/../lib/gcc/arm-none-eabi/14.3.1/../../../../arm-none-eabi/lib/thumb/v6-m/nofp\libc_nano.a(libc_a-closer.o)
 .ARM.attributes
                0x00000594       0x2c C:/ST/STM32CubeIDE_2.1.1/STM32CubeIDE/plugins/com.st.stm32cube.ide.mcu.externaltools.gnu-tools-for-stm32.14.3.rel1.win32_1.0.100.202602081740/tools/bin/../lib/gcc/arm-none-eabi/14.3.1/../../../../arm-none-eabi/lib/thumb/v6-m/nofp\libc_nano.a(libc_a-reent.o)
 .ARM.attributes
                0x000005c0       0x2c C:/ST/STM32CubeIDE_2.1.1/STM32CubeIDE/plugins/com.st.stm32cube.ide.mcu.externaltools.gnu-tools-for-stm32.14.3.rel1.win32_1.0.100.202602081740/tools/bin/../lib/gcc/arm-none-eabi/14.3.1/../../../../arm-none-eabi/lib/thumb/v6-m/nofp\libc_nano.a(libc_a-impure.o)
 .ARM.attributes
                0x000005ec       0x2c C:/ST/STM32CubeIDE_2.1.1/STM32CubeIDE/plugins/com.st.stm32cube.ide.mcu.externaltools.gnu-tools-for-stm32.14.3.rel1.win32_1.0.100.202602081740/tools/bin/../lib/gcc/arm-none-eabi/14.3.1/../../../../arm-none-eabi/lib/thumb/v6-m/nofp\libc_nano.a(libc_a-lseekr.o)
 .ARM.attributes
                0x00000618       0x2c C:/ST/STM32CubeIDE_2.1.1/STM32CubeIDE/plugins/com.st.stm32cube.ide.mcu.externaltools.gnu-tools-for-stm32.14.3.rel1.win32_1.0.100.202602081740/tools/bin/../lib/gcc/arm-none-eabi/14.3.1/../../../../arm-none-eabi/lib/thumb/v6-m/nofp\libc_nano.a(libc_a-readr.o)
 .ARM.attributes
                0x00000644       0x2c C:/ST/STM32CubeIDE_2.1.1/STM32CubeIDE/plugins/com.st.stm32cube.ide.mcu.externaltools.gnu-tools-for-stm32.14.3.rel1.win32_1.0.100.202602081740/tools/bin/../lib/gcc/arm-none-eabi/14.3.1/../../../../arm-none-eabi/lib/thumb/v6-m/nofp\libc_nano.a(libc_a-writer.o)
 .ARM.attributes
                0x00000670       0x2c C:/ST/STM32CubeIDE_2.1.1/STM32CubeIDE/plugins/com.st.stm32cube.ide.mcu.externaltools.gnu-tools-for-stm32.14.3.rel1.win32_1.0.100.202602081740/tools/bin/../lib/gcc/arm-none-eabi/14.3.1/../../../../arm-none-eabi/lib/thumb/v6-m/nofp\libc_nano.a(libc_a-errno.o)
 .ARM.attributes
                0x0000069c       0x2c C:/ST/STM32CubeIDE_2.1.1/STM32CubeIDE/plugins/com.st.stm32cube.ide.mcu.externaltools.gnu-tools-for-stm32.14.3.rel1.win32_1.0.100.202602081740/tools/bin/../lib/gcc/arm-none-eabi/14.3.1/../../../../arm-none-eabi/lib/thumb/v6-m/nofp\libc_nano.a(libc_a-init.o)
 .ARM.attributes
                0x000006c8       0x2c C:/ST/STM32CubeIDE_2.1.1/STM32CubeIDE/plugins/com.st.stm32cube.ide.mcu.externaltools.gnu-tools-for-stm32.14.3.rel1.win32_1.0.100.202602081740/tools/bin/../lib/gcc/arm-none-eabi/14.3.1/../../../../arm-none-eabi/lib/thumb/v6-m/nofp\libc_nano.a(libc_a-lock.o)
 .ARM.attributes
                0x000006f4       0x2c C:/ST/STM32CubeIDE_2.1.1/STM32CubeIDE/plugins/com.st.stm32cube.ide.mcu.externaltools.gnu-tools-for-stm32.14.3.rel1.win32_1.0.100.202602081740/tools/bin/../lib/gcc/arm-none-eabi/14.3.1/../../../../arm-none-eabi/lib/thumb/v6-m/nofp\libc_nano.a(libc_a-freer.o)
 .ARM.attributes
                0x00000720       0x2c C:/ST/STM32CubeIDE_2.1.1/STM32CubeIDE/plugins/com.st.stm32cube.ide.mcu.externaltools.gnu-tools-for-stm32.14.3.rel1.win32_1.0.100.202602081740/tools/bin/../lib/gcc/arm-none-eabi/14.3.1/../../../../arm-none-eabi/lib/thumb/v6-m/nofp\libc_nano.a(libc_a-mallocr.o)
 .ARM.attributes
                0x0000074c       0x2c C:/ST/STM32CubeIDE_2.1.1/STM32CubeIDE/plugins/com.st.stm32cube.ide.mcu.externaltools.gnu-tools-for-stm32.14.3.rel1.win32_1.0.100.202602081740/tools/bin/../lib/gcc/arm-none-eabi/14.3.1/../../../../arm-none-eabi/lib/thumb/v6-m/nofp\libc_nano.a(libc_a-mlock.o)
 .ARM.attributes
                0x00000778       0x2c C:/ST/STM32CubeIDE_2.1.1/STM32CubeIDE/plugins/com.st.stm32cube.ide.mcu.externaltools.gnu-tools-for-stm32.14.3.rel1.win32_1.0.100.202602081740/tools/bin/../lib/gcc/arm-none-eabi/14.3.1/../../../../arm-none-eabi/lib/thumb/v6-m/nofp\libc_nano.a(libc_a-nano-vfprintf.o)
 .ARM.attributes
                0x000007a4       0x2c C:/ST/STM32CubeIDE_2.1.1/STM32CubeIDE/plugins/com.st.stm32cube.ide.mcu.externaltools.gnu-tools-for-stm32.14.3.rel1.win32_1.0.100.202602081740/tools/bin/../lib/gcc/arm-none-eabi/14.3.1/../../../../arm-none-eabi/lib/thumb/v6-m/nofp\libc_nano.a(libc_a-nano-vfprintf_i.o)
 .ARM.attributes
                0x000007d0       0x2c C:/ST/STM32CubeIDE_2.1.1/STM32CubeIDE/plugins/com.st.stm32cube.ide.mcu.externaltools.gnu-tools-for-stm32.14.3.rel1.win32_1.0.100.202602081740/tools/bin/../lib/gcc/arm-none-eabi/14.3.1/../../../../arm-none-eabi/lib/thumb/v6-m/nofp\libc_nano.a(libc_a-fflush.o)
 .ARM.attributes
                0x000007fc       0x2c C:/ST/STM32CubeIDE_2.1.1/STM32CubeIDE/plugins/com.st.stm32cube.ide.mcu.externaltools.gnu-tools-for-stm32.14.3.rel1.win32_1.0.100.202602081740/tools/bin/../lib/gcc/arm-none-eabi/14.3.1/../../../../arm-none-eabi/lib/thumb/v6-m/nofp\libc_nano.a(libc_a-makebuf.o)
 .ARM.attributes
                0x00000828       0x2c C:/ST/STM32CubeIDE_2.1.1/STM32CubeIDE/plugins/com.st.stm32cube.ide.mcu.externaltools.gnu-tools-for-stm32.14.3.rel1.win32_1.0.100.202602081740/tools/bin/../lib/gcc/arm-none-eabi/14.3.1/../../../../arm-none-eabi/lib/thumb/v6-m/nofp\libc_nano.a(libc_a-fstatr.o)
 .ARM.attributes
                0x00000854       0x2c C:/ST/STM32CubeIDE_2.1.1/STM32CubeIDE/plugins/com.st.stm32cube.ide.mcu.externaltools.gnu-tools-for-stm32.14.3.rel1.win32_1.0.100.202602081740/tools/bin/../lib/gcc/arm-none-eabi/14.3.1/../../../../arm-none-eabi/lib/thumb/v6-m/nofp\libc_nano.a(libc_a-isattyr.o)
 .ARM.attributes
                0x00000880       0x2c C:/ST/STM32CubeIDE_2.1.1/STM32CubeIDE/plugins/com.st.stm32cube.ide.mcu.externaltools.gnu-tools-for-stm32.14.3.rel1.win32_1.0.100.202602081740/tools/bin/../lib/gcc/arm-none-eabi/14.3.1/../../../../arm-none-eabi/lib/thumb/v6-m/nofp\libc_nano.a(libc_a-sbrkr.o)
 .ARM.attributes
                0x000008ac       0x2c C:/ST/STM32CubeIDE_2.1.1/STM32CubeIDE/plugins/com.st.stm32cube.ide.mcu.externaltools.gnu-tools-for-stm32.14.3.rel1.win32_1.0.100.202602081740/tools/bin/../lib/gcc/arm-none-eabi/14.3.1/../../../../arm-none-eabi/lib/thumb/v6-m/nofp\libc_nano.a(libc_a-memchr-stub.o)
 .ARM.attributes
                0x000008d8       0x1e C:/ST/STM32CubeIDE_2.1.1/STM32CubeIDE/plugins/com.st.stm32cube.ide.mcu.externaltools.gnu-tools-for-stm32.14.3.rel1.win32_1.0.100.202602081740/tools/bin/../lib/gcc/arm-none-eabi/14.3.1/thumb/v6-m/nofp\libgcc.a(_thumb1_case_shi.o)
 .ARM.attributes
                0x000008f6       0x1e C:/ST/STM32CubeIDE_2.1.1/STM32CubeIDE/plugins/com.st.stm32cube.ide.mcu.externaltools.gnu-tools-for-stm32.14.3.rel1.win32_1.0.100.202602081740/tools/bin/../lib/gcc/arm-none-eabi/14.3.1/thumb/v6-m/nofp\libgcc.a(_udivsi3.o)
 .ARM.attributes
                0x00000914       0x1e C:/ST/STM32CubeIDE_2.1.1/STM32CubeIDE/plugins/com.st.stm32cube.ide.mcu.externaltools.gnu-tools-for-stm32.14.3.rel1.win32_1.0.100.202602081740/tools/bin/../lib/gcc/arm-none-eabi/14.3.1/thumb/v6-m/nofp\libgcc.a(_dvmd_tls.o)
 .ARM.attributes
                0x00000932       0x1e C:/ST/STM32CubeIDE_2.1.1/STM32CubeIDE/plugins/com.st.stm32cube.ide.mcu.externaltools.gnu-tools-for-stm32.14.3.rel1.win32_1.0.100.202602081740/tools/bin/../lib/gcc/arm-none-eabi/14.3.1/thumb/v6-m/nofp\libgcc.a(_arm_cmpsf2.o)
 .ARM.attributes
                0x00000950       0x2c C:/ST/STM32CubeIDE_2.1.1/STM32CubeIDE/plugins/com.st.stm32cube.ide.mcu.externaltools.gnu-tools-for-stm32.14.3.rel1.win32_1.0.100.202602081740/tools/bin/../lib/gcc/arm-none-eabi/14.3.1/thumb/v6-m/nofp\libgcc.a(_fixunssfsi.o)
 .ARM.attributes
                0x0000097c       0x2c C:/ST/STM32CubeIDE_2.1.1/STM32CubeIDE/plugins/com.st.stm32cube.ide.mcu.externaltools.gnu-tools-for-stm32.14.3.rel1.win32_1.0.100.202602081740/tools/bin/../lib/gcc/arm-none-eabi/14.3.1/thumb/v6-m/nofp\libgcc.a(addsf3.o)
 .ARM.attributes
                0x000009a8       0x2c C:/ST/STM32CubeIDE_2.1.1/STM32CubeIDE/plugins/com.st.stm32cube.ide.mcu.externaltools.gnu-tools-for-stm32.14.3.rel1.win32_1.0.100.202602081740/tools/bin/../lib/gcc/arm-none-eabi/14.3.1/thumb/v6-m/nofp\libgcc.a(divsf3.o)
 .ARM.attributes
                0x000009d4       0x2c C:/ST/STM32CubeIDE_2.1.1/STM32CubeIDE/plugins/com.st.stm32cube.ide.mcu.externaltools.gnu-tools-for-stm32.14.3.rel1.win32_1.0.100.202602081740/tools/bin/../lib/gcc/arm-none-eabi/14.3.1/thumb/v6-m/nofp\libgcc.a(eqsf2.o)
 .ARM.attributes
                0x00000a00       0x2c C:/ST/STM32CubeIDE_2.1.1/STM32CubeIDE/plugins/com.st.stm32cube.ide.mcu.externaltools.gnu-tools-for-stm32.14.3.rel1.win32_1.0.100.202602081740/tools/bin/../lib/gcc/arm-none-eabi/14.3.1/thumb/v6-m/nofp\libgcc.a(gesf2.o)
 .ARM.attributes
                0x00000a2c       0x2c C:/ST/STM32CubeIDE_2.1.1/STM32CubeIDE/plugins/com.st.stm32cube.ide.mcu.externaltools.gnu-tools-for-stm32.14.3.rel1.win32_1.0.100.202602081740/tools/bin/../lib/gcc/arm-none-eabi/14.3.1/thumb/v6-m/nofp\libgcc.a(lesf2.o)
 .ARM.attributes
                0x00000a58       0x2c C:/ST/STM32CubeIDE_2.1.1/STM32CubeIDE/plugins/com.st.stm32cube.ide.mcu.externaltools.gnu-tools-for-stm32.14.3.rel1.win32_1.0.100.202602081740/tools/bin/../lib/gcc/arm-none-eabi/14.3.1/thumb/v6-m/nofp\libgcc.a(mulsf3.o)
 .ARM.attributes
                0x00000a84       0x2c C:/ST/STM32CubeIDE_2.1.1/STM32CubeIDE/plugins/com.st.stm32cube.ide.mcu.externaltools.gnu-tools-for-stm32.14.3.rel1.win32_1.0.100.202602081740/tools/bin/../lib/gcc/arm-none-eabi/14.3.1/thumb/v6-m/nofp\libgcc.a(subsf3.o)
 .ARM.attributes
                0x00000ab0       0x2c C:/ST/STM32CubeIDE_2.1.1/STM32CubeIDE/plugins/com.st.stm32cube.ide.mcu.externaltools.gnu-tools-for-stm32.14.3.rel1.win32_1.0.100.202602081740/tools/bin/../lib/gcc/arm-none-eabi/14.3.1/thumb/v6-m/nofp\libgcc.a(fixsfsi.o)
 .ARM.attributes
                0x00000adc       0x2c C:/ST/STM32CubeIDE_2.1.1/STM32CubeIDE/plugins/com.st.stm32cube.ide.mcu.externaltools.gnu-tools-for-stm32.14.3.rel1.win32_1.0.100.202602081740/tools/bin/../lib/gcc/arm-none-eabi/14.3.1/thumb/v6-m/nofp\libgcc.a(floatsisf.o)
 .ARM.attributes
                0x00000b08       0x2c C:/ST/STM32CubeIDE_2.1.1/STM32CubeIDE/plugins/com.st.stm32cube.ide.mcu.externaltools.gnu-tools-for-stm32.14.3.rel1.win32_1.0.100.202602081740/tools/bin/../lib/gcc/arm-none-eabi/14.3.1/thumb/v6-m/nofp\libgcc.a(divdf3.o)
 .ARM.attributes
                0x00000b34       0x2c C:/ST/STM32CubeIDE_2.1.1/STM32CubeIDE/plugins/com.st.stm32cube.ide.mcu.externaltools.gnu-tools-for-stm32.14.3.rel1.win32_1.0.100.202602081740/tools/bin/../lib/gcc/arm-none-eabi/14.3.1/thumb/v6-m/nofp\libgcc.a(floatsidf.o)
 .ARM.attributes
                0x00000b60       0x2c C:/ST/STM32CubeIDE_2.1.1/STM32CubeIDE/plugins/com.st.stm32cube.ide.mcu.externaltools.gnu-tools-for-stm32.14.3.rel1.win32_1.0.100.202602081740/tools/bin/../lib/gcc/arm-none-eabi/14.3.1/thumb/v6-m/nofp\libgcc.a(truncdfsf2.o)
 .ARM.attributes
                0x00000b8c       0x1e C:/ST/STM32CubeIDE_2.1.1/STM32CubeIDE/plugins/com.st.stm32cube.ide.mcu.externaltools.gnu-tools-for-stm32.14.3.rel1.win32_1.0.100.202602081740/tools/bin/../lib/gcc/arm-none-eabi/14.3.1/thumb/v6-m/nofp\libgcc.a(_clzsi2.o)
 .ARM.attributes
                0x00000baa       0x1e C:/ST/STM32CubeIDE_2.1.1/STM32CubeIDE/plugins/com.st.stm32cube.ide.mcu.externaltools.gnu-tools-for-stm32.14.3.rel1.win32_1.0.100.202602081740/tools/bin/../lib/gcc/arm-none-eabi/14.3.1/thumb/v6-m/nofp/crtn.o
OUTPUT(FDCAN_Com_Polling.elf elf32-littlearm)
LOAD linker stubs
LOAD C:/ST/STM32CubeIDE_2.1.1/STM32CubeIDE/plugins/com.st.stm32cube.ide.mcu.externaltools.gnu-tools-for-stm32.14.3.rel1.win32_1.0.100.202602081740/tools/bin/../lib/gcc/arm-none-eabi/14.3.1/../../../../arm-none-eabi/lib/thumb/v6-m/nofp\libc.a
LOAD C:/ST/STM32CubeIDE_2.1.1/STM32CubeIDE/plugins/com.st.stm32cube.ide.mcu.externaltools.gnu-tools-for-stm32.14.3.rel1.win32_1.0.100.202602081740/tools/bin/../lib/gcc/arm-none-eabi/14.3.1/../../../../arm-none-eabi/lib/thumb/v6-m/nofp\libm.a
LOAD C:/ST/STM32CubeIDE_2.1.1/STM32CubeIDE/plugins/com.st.stm32cube.ide.mcu.externaltools.gnu-tools-for-stm32.14.3.rel1.win32_1.0.100.202602081740/tools/bin/../lib/gcc/arm-none-eabi/14.3.1/thumb/v6-m/nofp\libgcc.a

.debug_line     0x00000000    0x1acc4
 .debug_line    0x00000000       0x7d ./Application/Startup/startup_stm32c092rctx.o
 .debug_line    0x0000007d     0x1035 ./Application/User/main.o
 .debug_line    0x000010b2      0xbc2 ./Application/User/stm32c0xx_hal_msp.o
 .debug_line    0x00001c74      0xa8a ./Application/User/stm32c0xx_it.o
 .debug_line    0x000026fe      0x8b9 ./Application/User/syscalls.o
 .debug_line    0x00002fb7      0x595 ./Application/User/sysmem.o
 .debug_line    0x0000354c      0xdad ./Drivers/BSP/STM32C0xx_Nucleo/stm32c0xx_nucleo.o
 .debug_line    0x000042f9      0x89a ./Drivers/CMSIS/system_stm32c0xx.o
 .debug_line    0x00004b93      0xb7c ./Drivers/STM32C0xx_HAL_Driver/stm32c0xx_hal.o
 .debug_line    0x0000570f     0x1ac0 ./Drivers/STM32C0xx_HAL_Driver/stm32c0xx_hal_adc.o
 .debug_line    0x000071cf      0xc94 ./Drivers/STM32C0xx_HAL_Driver/stm32c0xx_hal_cortex.o
 .debug_line    0x00007e63      0xe81 ./Drivers/STM32C0xx_HAL_Driver/stm32c0xx_hal_dma.o
 .debug_line    0x00008ce4      0xc04 ./Drivers/STM32C0xx_HAL_Driver/stm32c0xx_hal_exti.o
 .debug_line    0x000098e8     0x19b4 ./Drivers/STM32C0xx_HAL_Driver/stm32c0xx_hal_fdcan.o
 .debug_line    0x0000b29c      0xc91 ./Drivers/STM32C0xx_HAL_Driver/stm32c0xx_hal_gpio.o
 .debug_line    0x0000bf2d     0x3858 ./Drivers/STM32C0xx_HAL_Driver/stm32c0xx_hal_i2c.o
 .debug_line    0x0000f785      0x9a8 ./Drivers/STM32C0xx_HAL_Driver/stm32c0xx_hal_i2c_ex.o
 .debug_line    0x0001012d      0xeaf ./Drivers/STM32C0xx_HAL_Driver/stm32c0xx_hal_rcc.o
 .debug_line    0x00010fdc      0xb46 ./Drivers/STM32C0xx_HAL_Driver/stm32c0xx_hal_rcc_ex.o