C:/Users/kgpar/STM32Cube/Example/FDCAN_Com_Polling/Src/main.c:83:10:read_adc	2
C:/Users/kgpar/STM32Cube/Example/FDCAN_Com_Polling/Src/main.c:112:6:init_setpoint	3
C:/Users/kgpar/STM32Cube/Example/FDCAN_Com_Polling/Src/main.c:135:6:init_ina219	1
C:/Users/kgpar/STM32Cube/Example/FDCAN_Com_Polling/Src/main.c:145:7:read_ina219	1
C:/Users/kgpar/STM32Cube/Example/FDCAN_Com_Polling/Src/main.c:153:6:writeINA219	1
C:/Users/kgpar/STM32Cube/Example/FDCAN_Com_Polling/Src/main.c:162:14:readINA219	1
C:/Users/kgpar/STM32Cube/Example/FDCAN_Com_Polling/Src/main.c:170:6:set_duty	4
C:/Users/kgpar/STM32Cube/Example/FDCAN_Com_Polling/Src/main.c:190:6:HAL_TIM_PeriodElapsedCallback	10
C:/Users/kgpar/STM32Cube/Example/FDCAN_Com_Polling/Src/main.c:249:5:main	15
C:/Users/kgpar/STM32Cube/Example/FDCAN_Com_Polling/Src/main.c:445:6:SystemClock_Config	3
C:/Users/kgpar/STM32Cube/Example/FDCAN_Com_Polling/Src/main.c:484:13:MX_ADC1_Init	3
C:/Users/kgpar/STM32Cube/Example/FDCAN_Com_Polling/Src/main.c:541:13:MX_FDCAN1_Init	2
C:/Users/kgpar/STM32Cube/Example/FDCAN_Com_Polling/Src/main.c:584:13:MX_I2C2_Init	4
C:/Users/kgpar/STM32Cube/Example/FDCAN_Com_Polling/Src/main.c:632:13:MX_TIM1_Init	6
C:/Users/kgpar/STM32Cube/Example/FDCAN_Com_Polling/Src/main.c:708:13:MX_TIM2_Init	4
C:/Users/kgpar/STM32Cube/Example/FDCAN_Com_Polling/Src/main.c:753:13:MX_GPIO_Init	1
C:/Users/kgpar/STM32Cube/Example/FDCAN_Com_Polling/Src/main.c:773:6:BSP_PB_Callback	3
C:/Users/kgpar/STM32Cube/Example/FDCAN_Com_Polling/Src/main.c:801:17:BufferCmp8b	3
C:/Users/kgpar/STM32Cube/Example/FDCAN_Com_Polling/Src/main.c:821:6:Error_Handler	1
