C:/Users/kgpar/STM32Cube/Example/FDCAN_Com_Polling/Src/main.c:83:10:read_adc	16	static
C:/Users/kgpar/STM32Cube/Example/FDCAN_Com_Polling/Src/main.c:112:6:init_setpoint	24	static
C:/Users/kgpar/STM32Cube/Example/FDCAN_Com_Polling/Src/main.c:135:6:init_ina219	16	static
C:/Users/kgpar/STM32Cube/Example/FDCAN_Com_Polling/Src/main.c:145:7:read_ina219	24	static
C:/Users/kgpar/STM32Cube/Example/FDCAN_Com_Polling/Src/main.c:153:6:writeINA219	32	static
C:/Users/kgpar/STM32Cube/Example/FDCAN_Com_Polling/Src/main.c:162:14:readINA219	40	static
C:/Users/kgpar/STM32Cube/Example/FDCAN_Com_Polling/Src/main.c:170:6:set_duty	24	static
C:/Users/kgpar/STM32Cube/Example/FDCAN_Com_Polling/Src/main.c:190:6:HAL_TIM_PeriodElapsedCallback	40	static
C:/Users/kgpar/STM32Cube/Example/FDCAN_Com_Polling/Src/main.c:249:5:main	64	static
C:/Users/kgpar/STM32Cube/Example/FDCAN_Com_Polling/Src/main.c:445:6:SystemClock_Config	64	static
C:/Users/kgpar/STM32Cube/Example/FDCAN_Com_Polling/Src/main.c:484:13:MX_ADC1_Init	24	static
C:/Users/kgpar/STM32Cube/Example/FDCAN_Com_Polling/Src/main.c:541:13:MX_FDCAN1_Init	8	static
C:/Users/kgpar/STM32Cube/Example/FDCAN_Com_Polling/Src/main.c:584:13:MX_I2C2_Init	8	static
C:/Users/kgpar/STM32Cube/Example/FDCAN_Com_Polling/Src/main.c:632:13:MX_TIM1_Init	104	static
C:/Users/kgpar/STM32Cube/Example/FDCAN_Com_Polling/Src/main.c:708:13:MX_TIM2_Init	40	static
C:/Users/kgpar/STM32Cube/Example/FDCAN_Com_Polling/Src/main.c:753:13:MX_GPIO_Init	16	static
C:/Users/kgpar/STM32Cube/Example/FDCAN_Com_Polling/Src/main.c:773:6:BSP_PB_Callback	40	static
C:/Users/kgpar/STM32Cube/Example/FDCAN_Com_Polling/Src/main.c:801:17:BufferCmp8b	24	static
C:/Users/kgpar/STM32Cube/Example/FDCAN_Com_Polling/Src/main.c:821:6:Error_Handler	8	static
