C:/Users/kgpar/STM32Cube/Example/FDCAN_Com_Polling/Src/main.c:83:10:read_adc	2
C:/Users/kgpar/STM32Cube/Example/FDCAN_Com_Polling/Src/main.c:113:6:init_setpoint	3
C:/Users/kgpar/STM32Cube/Example/FDCAN_Com_Polling/Src/main.c:136:6:init_ina219	1
C:/Users/kgpar/STM32Cube/Example/FDCAN_Com_Polling/Src/main.c:146:7:read_ina219	1
C:/Users/kgpar/STM32Cube/Example/FDCAN_Com_Polling/Src/main.c:154:6:writeINA219	1
C:/Users/kgpar/STM32Cube/Example/FDCAN_Com_Polling/Src/main.c:163:14:readINA219	1
C:/Users/kgpar/STM32Cube/Example/FDCAN_Com_Polling/Src/main.c:174:6:set_duty	4
C:/Users/kgpar/STM32Cube/Example/FDCAN_Com_Polling/Src/main.c:213:6:HAL_TIM_PeriodElapsedCallback	10
C:/Users/kgpar/STM32Cube/Example/FDCAN_Com_Polling/Src/main.c:275:5:main	18
C:/Users/kgpar/STM32Cube/Example/FDCAN_Com_Polling/Src/main.c:496:6:SystemClock_Config	3
C:/Users/kgpar/STM32Cube/Example/FDCAN_Com_Polling/Src/main.c:535:13:MX_ADC1_Init	3
C:/Users/kgpar/STM32Cube/Example/FDCAN_Com_Polling/Src/main.c:592:13:MX_FDCAN1_Init	2
C:/Users/kgpar/STM32Cube/Example/FDCAN_Com_Polling/Src/main.c:635:13:MX_I2C2_Init	4
C:/Users/kgpar/STM32Cube/Example/FDCAN_Com_Polling/Src/main.c:683:13:MX_TIM1_Init	6
C:/Users/kgpar/STM32Cube/Example/FDCAN_Com_Polling/Src/main.c:759:13:MX_TIM2_Init	4
C:/Users/kgpar/STM32Cube/Example/FDCAN_Com_Polling/Src/main.c:804:13:MX_GPIO_Init	1
C:/Users/kgpar/STM32Cube/Example/FDCAN_Com_Polling/Src/main.c:824:6:BSP_PB_Callback	3
C:/Users/kgpar/STM32Cube/Example/FDCAN_Com_Polling/Src/main.c:852:17:BufferCmp8b	3
C:/Users/kgpar/STM32Cube/Example/FDCAN_Com_Polling/Src/main.c:872:6:Error_Handler	1
