C:/Users/kgpar/STM32Cube/Example/FDCAN_Com_Polling/Src/main.c:83:10:read_adc	16	static
C:/Users/kgpar/STM32Cube/Example/FDCAN_Com_Polling/Src/main.c:113:6:init_setpoint	24	static
C:/Users/kgpar/STM32Cube/Example/FDCAN_Com_Polling/Src/main.c:136:6:init_ina219	16	static
C:/Users/kgpar/STM32Cube/Example/FDCAN_Com_Polling/Src/main.c:146:7:read_ina219	24	static
C:/Users/kgpar/STM32Cube/Example/FDCAN_Com_Polling/Src/main.c:154:6:writeINA219	32	static
C:/Users/kgpar/STM32Cube/Example/FDCAN_Com_Polling/Src/main.c:163:14:readINA219	32	static
C:/Users/kgpar/STM32Cube/Example/FDCAN_Com_Polling/Src/main.c:174:6:set_duty	24	static
C:/Users/kgpar/STM32Cube/Example/FDCAN_Com_Polling/Src/main.c:213:6:HAL_TIM_PeriodElapsedCallback	40	static
C:/Users/kgpar/STM32Cube/Example/FDCAN_Com_Polling/Src/main.c:275:5:main	80	static
C:/Users/kgpar/STM32Cube/Example/FDCAN_Com_Polling/Src/main.c:496:6:SystemClock_Config	64	static
C:/Users/kgpar/STM32Cube/Example/FDCAN_Com_Polling/Src/main.c:535:13:MX_ADC1_Init	24	static
C:/Users/kgpar/STM32Cube/Example/FDCAN_Com_Polling/Src/main.c:592:13:MX_FDCAN1_Init	8	static
C:/Users/kgpar/STM32Cube/Example/FDCAN_Com_Polling/Src/main.c:635:13:MX_I2C2_Init	8	static
C:/Users/kgpar/STM32Cube/Example/FDCAN_Com_Polling/Src/main.c:683:13:MX_TIM1_Init	104	static
C:/Users/kgpar/STM32Cube/Example/FDCAN_Com_Polling/Src/main.c:759:13:MX_TIM2_Init	40	static
C:/Users/kgpar/STM32Cube/Example/FDCAN_Com_Polling/Src/main.c:804:13:MX_GPIO_Init	16	static
C:/Users/kgpar/STM32Cube/Example/FDCAN_Com_Polling/Src/main.c:824:6:BSP_PB_Callback	40	static
C:/Users/kgpar/STM32Cube/Example/FDCAN_Com_Polling/Src/main.c:852:17:BufferCmp8b	24	static
C:/Users/kgpar/STM32Cube/Example/FDCAN_Com_Polling/Src/main.c:872:6:Error_Handler	8	static
